Archive member included because of file (symbol)

c:/program files (x86)/atmel/atmel toolchain/arm gcc/native/4.8.1429/arm-gnu-toolchain/bin/../lib/gcc/arm-none-eabi/4.8.3/../../../../arm-none-eabi/lib/armv7-m\libm.a(lib_a-sf_atan.o)
                              src/main.o (atanf)
c:/program files (x86)/atmel/atmel toolchain/arm gcc/native/4.8.1429/arm-gnu-toolchain/bin/../lib/gcc/arm-none-eabi/4.8.3/../../../../arm-none-eabi/lib/armv7-m\libm.a(lib_a-sf_fabs.o)
                              c:/program files (x86)/atmel/atmel toolchain/arm gcc/native/4.8.1429/arm-gnu-toolchain/bin/../lib/gcc/arm-none-eabi/4.8.3/../../../../arm-none-eabi/lib/armv7-m\libm.a(lib_a-sf_atan.o) (fabsf)
c:/program files (x86)/atmel/atmel toolchain/arm gcc/native/4.8.1429/arm-gnu-toolchain/bin/../lib/gcc/arm-none-eabi/4.8.3/armv7-m\libgcc.a(_arm_addsubdf3.o)
                              src/IMU.o (__aeabi_f2d)
c:/program files (x86)/atmel/atmel toolchain/arm gcc/native/4.8.1429/arm-gnu-toolchain/bin/../lib/gcc/arm-none-eabi/4.8.3/armv7-m\libgcc.a(_arm_muldivdf3.o)
                              src/IMU.o (__aeabi_dmul)
c:/program files (x86)/atmel/atmel toolchain/arm gcc/native/4.8.1429/arm-gnu-toolchain/bin/../lib/gcc/arm-none-eabi/4.8.3/armv7-m\libgcc.a(_arm_truncdfsf2.o)
                              src/IMU.o (__aeabi_d2f)
c:/program files (x86)/atmel/atmel toolchain/arm gcc/native/4.8.1429/arm-gnu-toolchain/bin/../lib/gcc/arm-none-eabi/4.8.3/armv7-m\libgcc.a(_arm_addsubsf3.o)
                              c:/program files (x86)/atmel/atmel toolchain/arm gcc/native/4.8.1429/arm-gnu-toolchain/bin/../lib/gcc/arm-none-eabi/4.8.3/../../../../arm-none-eabi/lib/armv7-m\libm.a(lib_a-sf_atan.o) (__aeabi_fsub)
c:/program files (x86)/atmel/atmel toolchain/arm gcc/native/4.8.1429/arm-gnu-toolchain/bin/../lib/gcc/arm-none-eabi/4.8.3/armv7-m\libgcc.a(_arm_muldivsf3.o)
                              c:/program files (x86)/atmel/atmel toolchain/arm gcc/native/4.8.1429/arm-gnu-toolchain/bin/../lib/gcc/arm-none-eabi/4.8.3/../../../../arm-none-eabi/lib/armv7-m\libm.a(lib_a-sf_atan.o) (__aeabi_fmul)
c:/program files (x86)/atmel/atmel toolchain/arm gcc/native/4.8.1429/arm-gnu-toolchain/bin/../lib/gcc/arm-none-eabi/4.8.3/armv7-m\libgcc.a(_arm_cmpsf2.o)
                              c:/program files (x86)/atmel/atmel toolchain/arm gcc/native/4.8.1429/arm-gnu-toolchain/bin/../lib/gcc/arm-none-eabi/4.8.3/../../../../arm-none-eabi/lib/armv7-m\libm.a(lib_a-sf_atan.o) (__aeabi_fcmpgt)
c:/program files (x86)/atmel/atmel toolchain/arm gcc/native/4.8.1429/arm-gnu-toolchain/bin/../lib/gcc/arm-none-eabi/4.8.3/../../../../arm-none-eabi/lib/armv7-m\libc.a(lib_a-exit.o)
                              c:/program files (x86)/atmel/atmel toolchain/arm gcc/native/4.8.1429/arm-gnu-toolchain/bin/../lib/gcc/arm-none-eabi/4.8.3/../../../../arm-none-eabi/lib/armv7-m/crt0.o (exit)
c:/program files (x86)/atmel/atmel toolchain/arm gcc/native/4.8.1429/arm-gnu-toolchain/bin/../lib/gcc/arm-none-eabi/4.8.3/../../../../arm-none-eabi/lib/armv7-m\libc.a(lib_a-impure.o)
                              c:/program files (x86)/atmel/atmel toolchain/arm gcc/native/4.8.1429/arm-gnu-toolchain/bin/../lib/gcc/arm-none-eabi/4.8.3/../../../../arm-none-eabi/lib/armv7-m\libc.a(lib_a-exit.o) (_global_impure_ptr)
c:/program files (x86)/atmel/atmel toolchain/arm gcc/native/4.8.1429/arm-gnu-toolchain/bin/../lib/gcc/arm-none-eabi/4.8.3/../../../../arm-none-eabi/lib/armv7-m\libc.a(lib_a-init.o)
                              c:/program files (x86)/atmel/atmel toolchain/arm gcc/native/4.8.1429/arm-gnu-toolchain/bin/../lib/gcc/arm-none-eabi/4.8.3/../../../../arm-none-eabi/lib/armv7-m/crt0.o (__libc_init_array)
c:/program files (x86)/atmel/atmel toolchain/arm gcc/native/4.8.1429/arm-gnu-toolchain/bin/../lib/gcc/arm-none-eabi/4.8.3/../../../../arm-none-eabi/lib/armv7-m\libc.a(lib_a-iprintf.o)
                              src/ASF/sam/utils/syscalls/gcc/syscalls.o (iprintf)
c:/program files (x86)/atmel/atmel toolchain/arm gcc/native/4.8.1429/arm-gnu-toolchain/bin/../lib/gcc/arm-none-eabi/4.8.3/../../../../arm-none-eabi/lib/armv7-m\libc.a(lib_a-memset.o)
                              c:/program files (x86)/atmel/atmel toolchain/arm gcc/native/4.8.1429/arm-gnu-toolchain/bin/../lib/gcc/arm-none-eabi/4.8.3/../../../../arm-none-eabi/lib/armv7-m/crt0.o (memset)
c:/program files (x86)/atmel/atmel toolchain/arm gcc/native/4.8.1429/arm-gnu-toolchain/bin/../lib/gcc/arm-none-eabi/4.8.3/../../../../arm-none-eabi/lib/armv7-m\libc.a(lib_a-puts.o)
                              src/IMU.o (puts)
c:/program files (x86)/atmel/atmel toolchain/arm gcc/native/4.8.1429/arm-gnu-toolchain/bin/../lib/gcc/arm-none-eabi/4.8.3/../../../../arm-none-eabi/lib/armv7-m\libc.a(lib_a-setbuf.o)
                              src/main.o (setbuf)
c:/program files (x86)/atmel/atmel toolchain/arm gcc/native/4.8.1429/arm-gnu-toolchain/bin/../lib/gcc/arm-none-eabi/4.8.3/../../../../arm-none-eabi/lib/armv7-m\libc.a(lib_a-setvbuf.o)
[...]
Memory Configuration

Name             Origin             Length             Attributes
rom              0x00400000         0x00040000         xr
ram              0x20000000         0x00006000         xrw
*default*        0x00000000         0xffffffff

Linker script and memory map

LOAD c:/program files (x86)/atmel/atmel toolchain/arm gcc/native/4.8.1429/arm-gnu-toolchain/bin/../lib/gcc/arm-none-eabi/4.8.3/armv7-m/crti.o
LOAD c:/program files (x86)/atmel/atmel toolchain/arm gcc/native/4.8.1429/arm-gnu-toolchain/bin/../lib/gcc/arm-none-eabi/4.8.3/armv7-m/crtbegin.o
LOAD c:/program files (x86)/atmel/atmel toolchain/arm gcc/native/4.8.1429/arm-gnu-toolchain/bin/../lib/gcc/arm-none-eabi/4.8.3/../../../../arm-none-eabi/lib/armv7-m/crt0.o
LOAD src/ASF/common/services/spi/sam_spi/spi_master.o
LOAD src/ASF/common/utils/stdio/read.o
LOAD src/ASF/sam/drivers/spi/spi.o
LOAD src/ASF/sam/drivers/twi/twi.o
LOAD src/ASF/sam/drivers/usart/usart.o
LOAD src/IMU.o
LOAD src/ASF/common/utils/stdio/write.o
LOAD src/ASF/common/services/serial/usart_serial.o
LOAD src/ASF/sam/components/display/aat31xx/aat31xx.o
LOAD src/ASF/sam/components/display/ili9225/ili9225.o
LOAD src/ASF/sam/drivers/uart/uart.o
LOAD src/ASF/common/services/clock/sam3n/sysclk.o
LOAD src/ASF/common/utils/interrupt/interrupt_sam_nvic.o
LOAD src/ASF/sam/boards/sam3n_ek/init.o
LOAD src/ASF/sam/boards/sam3n_ek/led.o
LOAD src/ASF/sam/drivers/pio/pio.o
LOAD src/ASF/sam/drivers/pio/pio_handler.o
LOAD src/ASF/sam/drivers/pmc/pmc.o
LOAD src/ASF/sam/drivers/pmc/sleep.o
LOAD src/ASF/sam/utils/cmsis/sam3n/source/templates/exceptions.o
LOAD src/ASF/sam/utils/cmsis/sam3n/source/templates/gcc/startup_sam3n.o
LOAD src/ASF/sam/utils/cmsis/sam3n/source/templates/system_sam3n.o
LOAD src/ASF/sam/utils/syscalls/gcc/syscalls.o
LOAD src/main.o
START GROUP
LOAD ../src/ASF/thirdparty/CMSIS/Lib/GCC\libarm_cortexM3l_math.a
LOAD c:/program files (x86)/atmel/atmel toolchain/arm gcc/native/4.8.1429/arm-gnu-toolchain/bin/../lib/gcc/arm-none-eabi/4.8.3/../../../../arm-none-eabi/lib/armv7-m\libm.a
END GROUP
START GROUP
LOAD c:/program files (x86)/atmel/atmel toolchain/arm gcc/native/4.8.1429/arm-gnu-toolchain/bin/../lib/gcc/arm-none-eabi/4.8.3/armv7-m\libgcc.a
LOAD c:/program files (x86)/atmel/atmel toolchain/arm gcc/native/4.8.1429/arm-gnu-toolchain/bin/../lib/gcc/arm-none-eabi/4.8.3/../../../../arm-none-eabi/lib/armv7-m\libc.a
END GROUP
LOAD c:/program files (x86)/atmel/atmel toolchain/arm gcc/native/4.8.1429/arm-gnu-toolchain/bin/../lib/gcc/arm-none-eabi/4.8.3/armv7-m/crtend.o
LOAD c:/program files (x86)/atmel/atmel toolchain/arm gcc/native/4.8.1429/arm-gnu-toolchain/bin/../lib/gcc/arm-none-eabi/4.8.3/armv7-m/crtn.o
                0x00000800                __stack_size__ = DEFINED (__stack_size__)?__stack_size__:0x800
                0x20005ffc                __ram_end__ = ((ORIGIN (ram) + 0x6000) - 0x4)

.text           0x00400000     0x8e0c
                0x00400000                . = ALIGN (0x4)
                0x00400000                _sfixed = .
 *(.vectors .vectors.*)
 .vectors       0x00400000       0xc4 src/ASF/sam/utils/cmsis/sam3n/source/templates/gcc/startup_sam3n.o
                0x00400000                exception_table
 *(.text .text.* .gnu.linkonce.t.*)
 .text          0x004000c4       0xb0 c:/program files (x86)/atmel/atmel toolchain/arm gcc/native/4.8.1429/arm-gnu-toolchain/bin/../lib/gcc/arm-none-eabi/4.8.3/armv7-m/crtbegin.o
 .text.spi_master_init
                0x00400174       0x54 src/ASF/common/services/spi/sam_spi/spi_master.o
                0x00400174                spi_master_init
 .text.spi_master_setup_device
                0x004001c8       0x7c src/ASF/common/services/spi/sam_spi/spi_master.o
                0x004001c8                spi_master_setup_device
 .text.spi_select_device
                0x00400244       0x30 src/ASF/common/services/spi/sam_spi/spi_master.o
                0x00400244                spi_select_device
 .text._read    0x00400274       0x40 src/ASF/common/utils/stdio/read.o
                0x00400274                _read
 .text.spi_enable_clock
                0x004002b4       0x10 src/ASF/sam/drivers/spi/spi.o
                0x004002b4                spi_enable_clock
 .text.spi_set_peripheral_chip_select_value
                0x004002c4       0x18 src/ASF/sam/drivers/spi/spi.o
                0x004002c4                spi_set_peripheral_chip_select_value
 .text.spi_set_delay_between_chip_select
                0x004002dc       0x14 src/ASF/sam/drivers/spi/spi.o
                0x004002dc                spi_set_delay_between_chip_select
 .text.spi_write
                0x004002f0       0x38 src/ASF/sam/drivers/spi/spi.o
                0x004002f0                spi_write
 .text.spi_set_clock_polarity
                0x00400328       0x20 src/ASF/sam/drivers/spi/spi.o
                0x00400328                spi_set_clock_polarity
 .text.spi_set_clock_phase
                0x00400348       0x20 src/ASF/sam/drivers/spi/spi.o
                0x00400348                spi_set_clock_phase
 .text.spi_configure_cs_behavior
                0x00400368       0x44 src/ASF/sam/drivers/spi/spi.o
                0x00400368                spi_configure_cs_behavior
 .text.spi_set_bits_per_transfer
                0x004003ac       0x14 src/ASF/sam/drivers/spi/spi.o
                0x004003ac                spi_set_bits_per_transfer
 .text.spi_calc_baudrate_div
                0x004003c0       0x18 src/ASF/sam/drivers/spi/spi.o
                0x004003c0                spi_calc_baudrate_div
 .text.spi_set_baudrate_div
                0x004003d8       0x18 src/ASF/sam/drivers/spi/spi.o
                0x004003d8                spi_set_baudrate_div
 .text.spi_set_transfer_delay
                0x004003f0       0x18 src/ASF/sam/drivers/spi/spi.o
                0x004003f0                spi_set_transfer_delay
 .text.twi_set_speed
                0x00400408       0x44 src/ASF/sam/drivers/twi/twi.o
                0x00400408                twi_set_speed
 .text.twi_master_init
                0x0040044c       0x40 src/ASF/sam/drivers/twi/twi.o
                0x0040044c                twi_master_init
 .text.twi_master_read
                0x0040048c       0xd4 src/ASF/sam/drivers/twi/twi.o
                0x0040048c                twi_master_read
 .text.twi_master_write
                0x00400560       0xa0 src/ASF/sam/drivers/twi/twi.o
                0x00400560                twi_master_write
 .text.usart_write
                0x00400600       0x18 src/ASF/sam/drivers/usart/usart.o
                0x00400600                usart_write
 .text.usart_read
                0x00400618       0x18 src/ASF/sam/drivers/usart/usart.o
                0x00400618                usart_read
 .text.twi_init
                0x00400630       0x58 src/IMU.o
                0x00400630                twi_init
 .text.adxl_write
                0x00400688       0x34 src/IMU.o
                0x00400688                adxl_write
 .text.adxl_init
                0x004006bc       0x1c src/IMU.o
                0x004006bc                adxl_init
 .text.itg_write
                0x004006d8       0x3c src/IMU.o
                0x004006d8                itg_write
 .text.itg_init
                0x00400714       0x24 src/IMU.o
                0x00400714                itg_init
 .text.adxl_multiplereads
                0x00400738       0x2c src/IMU.o
                0x00400738                adxl_multiplereads
 .text.itg_multiplereads
                0x00400764       0x2c src/IMU.o
                0x00400764                itg_multiplereads
 .text.get_all_gyro_value
                0x00400790       0xdc src/IMU.o
                0x00400790                get_all_gyro_value
 *fill*         0x0040086c        0x4 
 .text.get_all_acel_value
                0x00400870      0x138 src/IMU.o
                0x00400870                get_all_acel_value
 .text._write   0x004009a8       0x54 src/ASF/common/utils/stdio/write.o
                0x004009a8                _write
 .text.aat31xx_set_backlight
                0x004009fc       0x5c src/ASF/sam/components/display/aat31xx/aat31xx.o
                0x004009fc                aat31xx_set_backlight
 .text.aat31xx_disable_backlight
                0x00400a58       0x24 src/ASF/sam/components/display/aat31xx/aat31xx.o
                0x00400a58                aat31xx_disable_backlight
 .text.ili9225_delay
                0x00400a7c       0x38 src/ASF/sam/components/display/ili9225/ili9225.o
 .text.ili9225_check_box_coordinates
                0x00400ab4       0x48 src/ASF/sam/components/display/ili9225/ili9225.o
 .text.ili9225_write_cmd
                0x00400afc       0x44 src/ASF/sam/components/display/ili9225/ili9225.o
 .text.ili9225_write_ram
                0x00400b40       0x30 src/ASF/sam/components/display/ili9225/ili9225.o
 .text.ili9225_write_register
                0x00400b70       0x18 src/ASF/sam/components/display/ili9225/ili9225.o
 .text.ili9225_write_ram_buffer
                0x00400b88       0x5c src/ASF/sam/components/display/ili9225/ili9225.o
 .text.ili9225_spi_handler
                0x00400be4       0x18 src/ASF/sam/components/display/ili9225/ili9225.o
                0x00400be4                ili9225_spi_handler
 .text.ili9225_display_on
                0x00400bfc       0x14 src/ASF/sam/components/display/ili9225/ili9225.o
                0x00400bfc                ili9225_display_on
 .text.ili9225_display_off
                0x00400c10       0x10 src/ASF/sam/components/display/ili9225/ili9225.o
                0x00400c10                ili9225_display_off
 .text.ili9225_set_foreground_color
                0x00400c20       0x2c src/ASF/sam/components/display/ili9225/ili9225.o
                0x00400c20                ili9225_set_foreground_color
 .text.ili9225_set_window
                0x00400c4c       0x30 src/ASF/sam/components/display/ili9225/ili9225.o
                0x00400c4c                ili9225_set_window
 .text.ili9225_set_cursor_position
                0x00400c7c       0x18 src/ASF/sam/components/display/ili9225/ili9225.o
                0x00400c7c                ili9225_set_cursor_position
 .text.ili9225_init
                0x00400c94      0x1c8 src/ASF/sam/components/display/ili9225/ili9225.o
                0x00400c94                ili9225_init
 .text.ili9225_draw_pixel
                0x00400e5c       0x3c src/ASF/sam/components/display/ili9225/ili9225.o
                0x00400e5c                ili9225_draw_pixel
 .text.ili9225_draw_filled_rectangle
                0x00400e98       0xb8 src/ASF/sam/components/display/ili9225/ili9225.o
                0x00400e98                ili9225_draw_filled_rectangle
 .text.ili9225_draw_string
                0x00400f50       0xb4 src/ASF/sam/components/display/ili9225/ili9225.o
                0x00400f50                ili9225_draw_string
 .text.uart_init
                0x00401004       0x38 src/ASF/sam/drivers/uart/uart.o
                0x00401004                uart_init
 .text.uart_write
                0x0040103c       0x14 src/ASF/sam/drivers/uart/uart.o
                0x0040103c                uart_write
 .text.uart_read
                0x00401050       0x14 src/ASF/sam/drivers/uart/uart.o
                0x00401050                uart_read
 .text.sysclk_init
                0x00401064       0x64 src/ASF/common/services/clock/sam3n/sysclk.o
                0x00401064                sysclk_init
 .text.board_init
                0x004010c8       0xec src/ASF/sam/boards/sam3n_ek/init.o
                0x004010c8                board_init
 .text.pio_set_peripheral
                0x004011b4       0x90 src/ASF/sam/drivers/pio/pio.o
                0x004011b4                pio_set_peripheral
 .text.pio_set_input
                0x00401244       0x34 src/ASF/sam/drivers/pio/pio.o
                0x00401244                pio_set_input
 .text.pio_set_output
                0x00401278       0x28 src/ASF/sam/drivers/pio/pio.o
                0x00401278                pio_set_output
 .text.pio_get_interrupt_status
                0x004012a0        0x4 src/ASF/sam/drivers/pio/pio.o
                0x004012a0                pio_get_interrupt_status
 .text.pio_get_interrupt_mask
                0x004012a4        0x4 src/ASF/sam/drivers/pio/pio.o
                0x004012a4                pio_get_interrupt_mask
 .text.pio_set_pin_high
                0x004012a8       0x1c src/ASF/sam/drivers/pio/pio.o
                0x004012a8                pio_set_pin_high
 .text.pio_set_pin_low
                0x004012c4       0x1c src/ASF/sam/drivers/pio/pio.o
                0x004012c4                pio_set_pin_low
 .text.pio_configure_pin
                0x004012e0      0x124 src/ASF/sam/drivers/pio/pio.o
                0x004012e0                pio_configure_pin
 .text.pio_configure_pin_group
                0x00401404       0xdc src/ASF/sam/drivers/pio/pio.o
                0x00401404                pio_configure_pin_group
 .text.pio_handler_process
                0x004014e0       0x58 src/ASF/sam/drivers/pio/pio_handler.o
                0x004014e0                pio_handler_process
 .text.PIOA_Handler
                0x00401538       0x14 src/ASF/sam/drivers/pio/pio_handler.o
                0x00401538                PIOA_Handler
 .text.PIOB_Handler
                0x0040154c       0x14 src/ASF/sam/drivers/pio/pio_handler.o
                0x0040154c                PIOB_Handler
 .text.PIOC_Handler
                0x00401560       0x14 src/ASF/sam/drivers/pio/pio_handler.o
                0x00401560                PIOC_Handler
 .text.pmc_switch_mck_to_pllack
                0x00401574       0x64 src/ASF/sam/drivers/pmc/pmc.o
                0x00401574                pmc_switch_mck_to_pllack
 .text.pmc_switch_mainck_to_xtal
                0x004015d8       0x54 src/ASF/sam/drivers/pmc/pmc.o
                0x004015d8                pmc_switch_mainck_to_xtal
 .text.pmc_osc_is_ready_mainck
                0x0040162c       0x10 src/ASF/sam/drivers/pmc/pmc.o
                0x0040162c                pmc_osc_is_ready_mainck
 .text.pmc_disable_pllack
                0x0040163c       0x10 src/ASF/sam/drivers/pmc/pmc.o
                0x0040163c                pmc_disable_pllack
 .text.pmc_is_locked_pllack
                0x0040164c       0x10 src/ASF/sam/drivers/pmc/pmc.o
                0x0040164c                pmc_is_locked_pllack
 .text.pmc_enable_periph_clk
                0x0040165c       0x2c src/ASF/sam/drivers/pmc/pmc.o
                0x0040165c                pmc_enable_periph_clk
 .text.Dummy_Handler
                0x00401688        0x4 src/ASF/sam/utils/cmsis/sam3n/source/templates/exceptions.o
                0x00401688                DACC_Handler
                0x00401688                DebugMon_Handler
                0x00401688                HardFault_Handler
                0x00401688                TC2_Handler
                0x00401688                TWI1_Handler
                0x00401688                PendSV_Handler
                0x00401688                NMI_Handler
                0x00401688                ADC_Handler
                0x00401688                USART0_Handler
                0x00401688                RTT_Handler
                0x00401688                RTC_Handler
                0x00401688                UsageFault_Handler
                0x00401688                WDT_Handler
                0x00401688                TC4_Handler
                0x00401688                TC1_Handler
                0x00401688                UART1_Handler
                0x00401688                TC3_Handler
                0x00401688                Dummy_Handler
                0x00401688                TWI0_Handler
                0x00401688                USART1_Handler
                0x00401688                PMC_Handler
                0x00401688                PWM_Handler
                0x00401688                MemManage_Handler
                0x00401688                SUPC_Handler
                0x00401688                SVC_Handler
                0x00401688                EFC_Handler
                0x00401688                UART0_Handler
                0x00401688                BusFault_Handler
                0x00401688                RSTC_Handler
                0x00401688                TC0_Handler
                0x00401688                TC5_Handler
 .text.Reset_Handler
                0x0040168c       0xb0 src/ASF/sam/utils/cmsis/sam3n/source/templates/gcc/startup_sam3n.o
                0x0040168c                Reset_Handler
 .text.SystemCoreClockUpdate
                0x0040173c      0x104 src/ASF/sam/utils/cmsis/sam3n/source/templates/system_sam3n.o
                0x0040173c                SystemCoreClockUpdate
 .text._sbrk    0x00401840       0x34 src/ASF/sam/utils/syscalls/gcc/syscalls.o
                0x00401840                _sbrk
 .text._close   0x00401874        0x8 src/ASF/sam/utils/syscalls/gcc/syscalls.o
                0x00401874                _close
 .text._fstat   0x0040187c        0xc src/ASF/sam/utils/syscalls/gcc/syscalls.o
                0x0040187c                _fstat
 .text._isatty  0x00401888        0x4 src/ASF/sam/utils/syscalls/gcc/syscalls.o
                0x00401888                _isatty
 .text._lseek   0x0040188c        0x4 src/ASF/sam/utils/syscalls/gcc/syscalls.o
                0x0040188c                _lseek
 .text.usart_serial_getchar
                0x00401890       0x88 src/main.o
 .text.usart_serial_putchar
                0x00401918       0x88 src/main.o
 .text.SysTick_Handler
                0x004019a0       0x10 src/main.o
                0x004019a0                SysTick_Handler
 .text.SPI_Handler
                0x004019b0        0xc src/main.o
                0x004019b0                SPI_Handler
 .text.config_lcd
                0x004019bc       0x60 src/main.o
                0x004019bc                config_lcd
 *fill*         0x00401a1c        0x4 
 .text.main     0x00401a20      0x238 src/main.o
                0x00401a20                main
 .text          0x00401c58      0x240 c:/program files (x86)/atmel/atmel toolchain/arm gcc/native/4.8.1429/arm-gnu-toolchain/bin/../lib/gcc/arm-none-eabi/4.8.3/../../../../arm-none-eabi/lib/armv7-m\libm.a(lib_a-sf_atan.o)
                0x00401c58                atanf
 .text          0x00401e98        0x6 c:/program files (x86)/atmel/atmel toolchain/arm gcc/native/4.8.1429/arm-gnu-toolchain/bin/../lib/gcc/arm-none-eabi/4.8.3/../../../../arm-none-eabi/lib/armv7-m\libm.a(lib_a-sf_fabs.o)
                0x00401e98                fabsf
 *fill*         0x00401e9e        0x2 
 .text          0x00401ea0      0x370 c:/program files (x86)/atmel/atmel toolchain/arm gcc/native/4.8.1429/arm-gnu-toolchain/bin/../lib/gcc/arm-none-eabi/4.8.3/armv7-m\libgcc.a(_arm_addsubdf3.o)
                0x00401ea0                __aeabi_drsub
                0x00401ea8                __aeabi_dsub
                0x00401ea8                __subdf3
                0x00401eac                __aeabi_dadd
                0x00401eac                __adddf3
                0x00402124                __floatunsidf
                0x00402124                __aeabi_ui2d
                0x00402144                __floatsidf
                0x00402144                __aeabi_i2d
                0x00402168                __aeabi_f2d
                0x00402168                __extendsfdf2
                0x004021a4                __floatundidf
                0x004021a4                __aeabi_ul2d
                0x004021b4                __floatdidf
                0x004021b4                __aeabi_l2d
 .text          0x00402210      0x424 c:/program files (x86)/atmel/atmel toolchain/arm gcc/native/4.8.1429/arm-gnu-toolchain/bin/../lib/gcc/arm-none-eabi/4.8.3/armv7-m\libgcc.a(_arm_muldivdf3.o)
                0x00402210                __aeabi_dmul
                0x00402210                __muldf3
                0x00402464                __divdf3
                0x00402464                __aeabi_ddiv
 .text          0x00402634       0xa0 c:/program files (x86)/atmel/atmel toolchain/arm gcc/native/4.8.1429/arm-gnu-toolchain/bin/../lib/gcc/arm-none-eabi/4.8.3/armv7-m\libgcc.a(_arm_truncdfsf2.o)
                0x00402634                __truncdfsf2
                0x00402634                __aeabi_d2f
 .text          0x004026d4      0x21c c:/program files (x86)/atmel/atmel toolchain/arm gcc/native/4.8.1429/arm-gnu-toolchain/bin/../lib/gcc/arm-none-eabi/4.8.3/armv7-m\libgcc.a(_arm_addsubsf3.o)
                0x004026d4                __aeabi_frsub
                0x004026dc                __subsf3
                0x004026dc                __aeabi_fsub
                0x004026e0                __aeabi_fadd
                0x004026e0                __addsf3
                0x00402840                __aeabi_ui2f
                0x00402840                __floatunsisf
                0x00402848                __aeabi_i2f
                0x00402848                __floatsisf
                0x00402864                __aeabi_ul2f
                0x00402864                __floatundisf
                0x00402874                __aeabi_l2f
                0x00402874                __floatdisf
 .text          0x004028f0      0x2a0 c:/program files (x86)/atmel/atmel toolchain/arm gcc/native/4.8.1429/arm-gnu-toolchain/bin/../lib/gcc/arm-none-eabi/4.8.3/armv7-m\libgcc.a(_arm_muldivsf3.o)
                0x004028f0                __mulsf3
                0x004028f0                __aeabi_fmul
                0x00402a58                __aeabi_fdiv
                0x00402a58                __divsf3
 .text          0x00402b90       0xec c:/program files (x86)/atmel/atmel toolchain/arm gcc/native/4.8.1429/arm-gnu-toolchain/bin/../lib/gcc/arm-none-eabi/4.8.3/armv7-m\libgcc.a(_arm_cmpsf2.o)
                0x00402b90                __gesf2
                0x00402b90                __gtsf2
                0x00402b98                __lesf2
                0x00402b98                __ltsf2
                0x00402ba0                __nesf2
                0x00402ba0                __eqsf2
                0x00402ba0                __cmpsf2
                0x00402c00                __aeabi_cfrcmple
                0x00402c08                __aeabi_cfcmpeq
                0x00402c08                __aeabi_cfcmple
                0x00402c18                __aeabi_fcmpeq
                0x00402c2c                __aeabi_fcmplt
                0x00402c40                __aeabi_fcmple
                0x00402c54                __aeabi_fcmpge
                0x00402c68                __aeabi_fcmpgt
 .text          0x00402c7c       0x4c c:/program files (x86)/atmel/atmel toolchain/arm gcc/native/4.8.1429/arm-gnu-toolchain/bin/../lib/gcc/arm-none-eabi/4.8.3/../../../../arm-none-eabi/lib/armv7-m\libc.a(lib_a-init.o)
                0x00402c7c                __libc_init_array
 .text          0x00402cc8       0x40 c:/program files (x86)/atmel/atmel toolchain/arm gcc/native/4.8.1429/arm-gnu-toolchain/bin/../lib/gcc/arm-none-eabi/4.8.3/../../../../arm-none-eabi/lib/armv7-m\libc.a(lib_a-iprintf.o)
                0x00402cc8                iprintf
                0x00402cec                _iprintf_r
 .text          0x00402d08       0x10 c:/program files (x86)/atmel/atmel toolchain/arm gcc/native/4.8.1429/arm-gnu-toolchain/bin/../lib/gcc/arm-none-eabi/4.8.3/../../../../arm-none-eabi/lib/armv7-m\libc.a(lib_a-memset.o)
                0x00402d08                memset
 .text          0x00402d18       0x68 c:/program files (x86)/atmel/atmel toolchain/arm gcc/native/4.8.1429/arm-gnu-toolchain/bin/../lib/gcc/arm-none-eabi/4.8.3/../../../../arm-none-eabi/lib/armv7-m\libc.a(lib_a-puts.o)
                0x00402d18                _puts_r
                0x00402d70                puts
 .text          0x00402d80       0x10 c:/program files (x86)/atmel/atmel toolchain/arm gcc/native/4.8.1429/arm-gnu-toolchain/bin/../lib/gcc/arm-none-eabi/4.8.3/../../../../arm-none-eabi/lib/armv7-m\libc.a(lib_a-setbuf.o)
                0x00402d80                setbuf
 .text          0x00402d90       0xe8 c:/program files (x86)/atmel/atmel toolchain/arm gcc/native/4.8.1429/arm-gnu-toolchain/bin/../lib/gcc/arm-none-eabi/4.8.3/../../../../arm-none-eabi/lib/armv7-m\libc.a(lib_a-setvbuf.o)
                0x00402d90                setvbuf
 .text          0x00402e78       0xc0 c:/program files (x86)/atmel/atmel toolchain/arm gcc/native/4.8.1429/arm-gnu-toolchain/bin/../lib/gcc/arm-none-eabi/4.8.3/../../../../arm-none-eabi/lib/armv7-m\libc.a(lib_a-snprintf.o)
                0x00402e78                _snprintf_r
                0x00402ed4                snprintf
 .text          0x00402f38       0x10 c:/program files (x86)/atmel/atmel toolchain/arm gcc/native/4.8.1429/arm-gnu-toolchain/bin/../lib/gcc/arm-none-eabi/4.8.3/../../../../arm-none-eabi/lib/armv7-m\libc.a(lib_a-strlen.o)
                0x00402f38                strlen
 .text          0x00402f48      0xf30 c:/program files (x86)/atmel/atmel toolchain/arm gcc/native/4.8.1429/arm-gnu-toolchain/bin/../lib/gcc/arm-none-eabi/4.8.3/../../../../arm-none-eabi/lib/armv7-m\libc.a(lib_a-svfprintf.o)
                0x00402f48                _svfprintf_r
 .text          0x00403e78      0x90c c:/program files (x86)/atmel/atmel toolchain/arm gcc/native/4.8.1429/arm-gnu-toolchain/bin/../lib/gcc/arm-none-eabi/4.8.3/../../../../arm-none-eabi/lib/armv7-m\libc.a(lib_a-vfiprintf.o)
                0x00403e78                __sprint_r
                0x00403ede                _vfiprintf_r
                0x004046fc                vfiprintf
 .text          0x00404784       0xb4 c:/program files (x86)/atmel/atmel toolchain/arm gcc/native/4.8.1429/arm-gnu-toolchain/bin/../lib/gcc/arm-none-eabi/4.8.3/../../../../arm-none-eabi/lib/armv7-m\libc.a(lib_a-wsetup.o)
                0x00404784                __swsetup_r
 .text.startup  0x00404838       0x14 c:/program files (x86)/atmel/atmel toolchain/arm gcc/native/4.8.1429/arm-gnu-toolchain/bin/../lib/gcc/arm-none-eabi/4.8.3/../../../../arm-none-eabi/lib/armv7-m\libc.a(lib_a-__call_atexit.o)
 .text          0x0040484c        0xc c:/program files (x86)/atmel/atmel toolchain/arm gcc/native/4.8.1429/arm-gnu-toolchain/bin/../lib/gcc/arm-none-eabi/4.8.3/../../../../arm-none-eabi/lib/armv7-m\libc.a(lib_a-atexit.o)
                0x0040484c                atexit
 .text          0x00404858      0xc80 c:/program files (x86)/atmel/atmel toolchain/arm gcc/native/4.8.1429/arm-gnu-toolchain/bin/../lib/gcc/arm-none-eabi/4.8.3/../../../../arm-none-eabi/lib/armv7-m\libc.a(lib_a-dtoa.o)
                0x00404976                _dtoa_r
 .text          0x004054d8      0x15c c:/program files (x86)/atmel/atmel toolchain/arm gcc/native/4.8.1429/arm-gnu-toolchain/bin/../lib/gcc/arm-none-eabi/4.8.3/../../../../arm-none-eabi/lib/armv7-m\libc.a(lib_a-fflush.o)
                0x004054d8                __sflush_r
                0x004055ee                _fflush_r
                0x00405612                fflush
 .text          0x00405634      0x1e0 c:/program files (x86)/atmel/atmel toolchain/arm gcc/native/4.8.1429/arm-gnu-toolchain/bin/../lib/gcc/arm-none-eabi/4.8.3/../../../../arm-none-eabi/lib/armv7-m\libc.a(lib_a-findfp.o)
                0x0040563c                _cleanup_r
                0x00405648                __sfmoreglue
                0x00405674                _cleanup
                0x00405680                __sinit
                0x0040576c                __sfp
                0x004057e4                __sfp_lock_acquire
                0x004057e6                __sfp_lock_release
                0x004057e8                __sinit_lock_acquire
                0x004057ea                __sinit_lock_release
                0x004057ec                __fp_lock_all
                0x00405800                __fp_unlock_all
 .text          0x00405814       0x2c c:/program files (x86)/atmel/atmel toolchain/arm gcc/native/4.8.1429/arm-gnu-toolchain/bin/../lib/gcc/arm-none-eabi/4.8.3/../../../../arm-none-eabi/lib/armv7-m\libc.a(lib_a-fini.o)
                0x00405814                __libc_fini_array
 .text          0x00405840       0xd8 c:/program files (x86)/atmel/atmel toolchain/arm gcc/native/4.8.1429/arm-gnu-toolchain/bin/../lib/gcc/arm-none-eabi/4.8.3/../../../../arm-none-eabi/lib/armv7-m\libc.a(lib_a-fputwc.o)
                0x00405840                _fputwc_r
                0x004058f0                fputwc
 .text          0x00405918      0x20c c:/program files (x86)/atmel/atmel toolchain/arm gcc/native/4.8.1429/arm-gnu-toolchain/bin/../lib/gcc/arm-none-eabi/4.8.3/../../../../arm-none-eabi/lib/armv7-m\libc.a(lib_a-freer.o)
                0x00405918                _malloc_trim_r
                0x004059b4                _free_r
 .text          0x00405b24      0x298 c:/program files (x86)/atmel/atmel toolchain/arm gcc/native/4.8.1429/arm-gnu-toolchain/bin/../lib/gcc/arm-none-eabi/4.8.3/../../../../arm-none-eabi/lib/armv7-m\libc.a(lib_a-fvwrite.o)
                0x00405b24                __sfvwrite_r
 .text          0x00405dbc       0x74 c:/program files (x86)/atmel/atmel toolchain/arm gcc/native/4.8.1429/arm-gnu-toolchain/bin/../lib/gcc/arm-none-eabi/4.8.3/../../../../arm-none-eabi/lib/armv7-m\libc.a(lib_a-fwalk.o)
                0x00405dbc                _fwalk
                0x00405df4                _fwalk_reent
 .text          0x00405e30       0x84 c:/program files (x86)/atmel/atmel toolchain/arm gcc/native/4.8.1429/arm-gnu-toolchain/bin/../lib/gcc/arm-none-eabi/4.8.3/../../../../arm-none-eabi/lib/armv7-m\libc.a(lib_a-locale.o)
                0x00405e30                _setlocale_r
                0x00405e70                __locale_charset
                0x00405e78                __locale_mb_cur_max
                0x00405e84                __locale_msgcharset
                0x00405e8c                __locale_cjk_lang
                0x00405e90                _localeconv_r
                0x00405e98                setlocale
                0x00405eac                localeconv
 .text          0x00405eb4       0xc8 c:/program files (x86)/atmel/atmel toolchain/arm gcc/native/4.8.1429/arm-gnu-toolchain/bin/../lib/gcc/arm-none-eabi/4.8.3/../../../../arm-none-eabi/lib/armv7-m\libc.a(lib_a-makebuf.o)
                0x00405eb4                __smakebuf_r
 .text          0x00405f7c       0x20 c:/program files (x86)/atmel/atmel toolchain/arm gcc/native/4.8.1429/arm-gnu-toolchain/bin/../lib/gcc/arm-none-eabi/4.8.3/../../../../arm-none-eabi/lib/armv7-m\libc.a(lib_a-malloc.o)
                0x00405f7c                malloc
                0x00405f8c                free
 .text          0x00405f9c      0x410 c:/program files (x86)/atmel/atmel toolchain/arm gcc/native/4.8.1429/arm-gnu-toolchain/bin/../lib/gcc/arm-none-eabi/4.8.3/../../../../arm-none-eabi/lib/armv7-m\libc.a(lib_a-mallocr.o)
                0x00405f9c                _malloc_r
 .text          0x004063ac       0x1c c:/program files (x86)/atmel/atmel toolchain/arm gcc/native/4.8.1429/arm-gnu-toolchain/bin/../lib/gcc/arm-none-eabi/4.8.3/../../../../arm-none-eabi/lib/armv7-m\libc.a(lib_a-memchr-stub.o)
                0x004063ac                memchr
 .text          0x004063c8       0x12 c:/program files (x86)/atmel/atmel toolchain/arm gcc/native/4.8.1429/arm-gnu-toolchain/bin/../lib/gcc/arm-none-eabi/4.8.3/../../../../arm-none-eabi/lib/armv7-m\libc.a(lib_a-memcpy-stub.o)
                0x004063c8                memcpy
 .text          0x004063da       0x36 c:/program files (x86)/atmel/atmel toolchain/arm gcc/native/4.8.1429/arm-gnu-toolchain/bin/../lib/gcc/arm-none-eabi/4.8.3/../../../../arm-none-eabi/lib/armv7-m\libc.a(lib_a-memmove.o)
                0x004063da                memmove
 .text          0x00406410        0x4 c:/program files (x86)/atmel/atmel toolchain/arm gcc/native/4.8.1429/arm-gnu-toolchain/bin/../lib/gcc/arm-none-eabi/4.8.3/../../../../arm-none-eabi/lib/armv7-m\libc.a(lib_a-mlock.o)
                0x00406410                __malloc_lock
                0x00406412                __malloc_unlock
 .text          0x00406414      0x7d4 c:/program files (x86)/atmel/atmel toolchain/arm gcc/native/4.8.1429/arm-gnu-toolchain/bin/../lib/gcc/arm-none-eabi/4.8.3/../../../../arm-none-eabi/lib/armv7-m\libc.a(lib_a-mprec.o)
                0x00406414                _Balloc
                0x00406460                _Bfree
                0x00406472                __multadd
                0x004064e6                __s2b
                0x0040656a                __hi0bits
                0x004065aa                __lo0bits
                0x00406604                __i2b
                0x00406616                __multiply
                0x00406746                __pow5mult
                0x004067c4                __lshift
                0x0040686a                __mcmp
                0x004068a4                __mdiff
                0x00406962                __ulp
                0x004069a4                __b2d
                0x00406a4a                __d2b
                0x00406aee                __ratio
                0x00406b38                _mprec_log10
                0x00406b6c                __copybits
                0x00406b9e                __any_on
 .text          0x00406be8      0x354 c:/program files (x86)/atmel/atmel toolchain/arm gcc/native/4.8.1429/arm-gnu-toolchain/bin/../lib/gcc/arm-none-eabi/4.8.3/../../../../arm-none-eabi/lib/armv7-m\libc.a(lib_a-reallocr.o)
                0x00406be8                _realloc_r
 .text          0x00406f3c       0x44 c:/program files (x86)/atmel/atmel toolchain/arm gcc/native/4.8.1429/arm-gnu-toolchain/bin/../lib/gcc/arm-none-eabi/4.8.3/../../../../arm-none-eabi/lib/armv7-m\libc.a(lib_a-s_fpclassify.o)
                0x00406f3c                __fpclassifyd
 .text          0x00406f80       0x20 c:/program files (x86)/atmel/atmel toolchain/arm gcc/native/4.8.1429/arm-gnu-toolchain/bin/../lib/gcc/arm-none-eabi/4.8.3/../../../../arm-none-eabi/lib/armv7-m\libc.a(lib_a-sbrkr.o)
                0x00406f80                _sbrk_r
 .text          0x00406fa0       0x8a c:/program files (x86)/atmel/atmel toolchain/arm gcc/native/4.8.1429/arm-gnu-toolchain/bin/../lib/gcc/arm-none-eabi/4.8.3/../../../../arm-none-eabi/lib/armv7-m\libc.a(lib_a-stdio.o)
                0x00406fa0                __sread
                0x00406fc2                __seofread
                0x00406fc6                __swrite
                0x00406ffe                __sseek
                0x00407022                __sclose
 .text          0x0040702a       0x14 c:/program files (x86)/atmel/atmel toolchain/arm gcc/native/4.8.1429/arm-gnu-toolchain/bin/../lib/gcc/arm-none-eabi/4.8.3/../../../../arm-none-eabi/lib/armv7-m\libc.a(lib_a-strcmp.o)
                0x0040702a                strcmp
 *fill*         0x0040703e        0x2 
 .text          0x00407040      0x8d8 c:/program files (x86)/atmel/atmel toolchain/arm gcc/native/4.8.1429/arm-gnu-toolchain/bin/../lib/gcc/arm-none-eabi/4.8.3/../../../../arm-none-eabi/lib/armv7-m\libc.a(lib_a-svfiprintf.o)
                0x00407040                __ssprint_r
                0x00407132                _svfiprintf_r
 .text          0x00407918       0xa4 c:/program files (x86)/atmel/atmel toolchain/arm gcc/native/4.8.1429/arm-gnu-toolchain/bin/../lib/gcc/arm-none-eabi/4.8.3/../../../../arm-none-eabi/lib/armv7-m\libc.a(lib_a-wbuf.o)
                0x00407918                __swbuf_r
                0x004079aa                __swbuf
 .text          0x004079bc       0x68 c:/program files (x86)/atmel/atmel toolchain/arm gcc/native/4.8.1429/arm-gnu-toolchain/bin/../lib/gcc/arm-none-eabi/4.8.3/../../../../arm-none-eabi/lib/armv7-m\libc.a(lib_a-wcrtomb.o)
                0x004079bc                _wcrtomb_r
                0x00407a08                wcrtomb
 .text          0x00407a24       0x48 c:/program files (x86)/atmel/atmel toolchain/arm gcc/native/4.8.1429/arm-gnu-toolchain/bin/../lib/gcc/arm-none-eabi/4.8.3/../../../../arm-none-eabi/lib/armv7-m\libc.a(lib_a-wctomb_r.o)
                0x00407a24                __ascii_wctomb
                0x00407a3e                _wctomb_r
 .text          0x00407a6c       0x24 c:/program files (x86)/atmel/atmel toolchain/arm gcc/native/4.8.1429/arm-gnu-toolchain/bin/../lib/gcc/arm-none-eabi/4.8.3/../../../../arm-none-eabi/lib/armv7-m\libc.a(lib_a-writer.o)
                0x00407a6c                _write_r
 .text          0x00407a90       0x98 c:/program files (x86)/atmel/atmel toolchain/arm gcc/native/4.8.1429/arm-gnu-toolchain/bin/../lib/gcc/arm-none-eabi/4.8.3/../../../../arm-none-eabi/lib/armv7-m\libc.a(lib_a-__atexit.o)
                0x00407a90                __register_exitproc
 .text          0x00407b28       0x5a c:/program files (x86)/atmel/atmel toolchain/arm gcc/native/4.8.1429/arm-gnu-toolchain/bin/../lib/gcc/arm-none-eabi/4.8.3/../../../../arm-none-eabi/lib/armv7-m\libc.a(lib_a-callocr.o)
                0x00407b28                _calloc_r
 *fill*         0x00407b82        0x2 
 .text          0x00407b84       0x20 c:/program files (x86)/atmel/atmel toolchain/arm gcc/native/4.8.1429/arm-gnu-toolchain/bin/../lib/gcc/arm-none-eabi/4.8.3/../../../../arm-none-eabi/lib/armv7-m\libc.a(lib_a-closer.o)
                0x00407b84                _close_r
 .text          0x00407ba4       0x8c c:/program files (x86)/atmel/atmel toolchain/arm gcc/native/4.8.1429/arm-gnu-toolchain/bin/../lib/gcc/arm-none-eabi/4.8.3/../../../../arm-none-eabi/lib/armv7-m\libc.a(lib_a-fclose.o)
                0x00407ba4                _fclose_r
                0x00407c20                fclose
 .text          0x00407c30       0x24 c:/program files (x86)/atmel/atmel toolchain/arm gcc/native/4.8.1429/arm-gnu-toolchain/bin/../lib/gcc/arm-none-eabi/4.8.3/../../../../arm-none-eabi/lib/armv7-m\libc.a(lib_a-fstatr.o)
                0x00407c30                _fstat_r
 .text          0x00407c54       0x20 c:/program files (x86)/atmel/atmel toolchain/arm gcc/native/4.8.1429/arm-gnu-toolchain/bin/../lib/gcc/arm-none-eabi/4.8.3/../../../../arm-none-eabi/lib/armv7-m\libc.a(lib_a-isattyr.o)
                0x00407c54                _isatty_r
 .text          0x00407c74       0x24 c:/program files (x86)/atmel/atmel toolchain/arm gcc/native/4.8.1429/arm-gnu-toolchain/bin/../lib/gcc/arm-none-eabi/4.8.3/../../../../arm-none-eabi/lib/armv7-m\libc.a(lib_a-lseekr.o)
                0x00407c74                _lseek_r
 .text          0x00407c98       0x24 c:/program files (x86)/atmel/atmel toolchain/arm gcc/native/4.8.1429/arm-gnu-toolchain/bin/../lib/gcc/arm-none-eabi/4.8.3/../../../../arm-none-eabi/lib/armv7-m\libc.a(lib_a-readr.o)
                0x00407c98                _read_r
 .text          0x00407cbc      0x110 c:/program files (x86)/atmel/atmel toolchain/arm gcc/native/4.8.1429/arm-gnu-toolchain/bin/../lib/gcc/arm-none-eabi/4.8.3/armv7-m\libgcc.a(_arm_cmpdf2.o)
                0x00407cbc                __gtdf2
                0x00407cbc                __gedf2
                0x00407cc4                __ltdf2
                0x00407cc4                __ledf2
                0x00407ccc                __nedf2
                0x00407ccc                __eqdf2
                0x00407ccc                __cmpdf2
                0x00407d48                __aeabi_cdrcmple
                0x00407d58                __aeabi_cdcmpeq
                0x00407d58                __aeabi_cdcmple
                0x00407d68                __aeabi_dcmpeq
                0x00407d7c                __aeabi_dcmplt
                0x00407d90                __aeabi_dcmple
                0x00407da4                __aeabi_dcmpge
                0x00407db8                __aeabi_dcmpgt
 .text          0x00407dcc       0x50 c:/program files (x86)/atmel/atmel toolchain/arm gcc/native/4.8.1429/arm-gnu-toolchain/bin/../lib/gcc/arm-none-eabi/4.8.3/armv7-m\libgcc.a(_arm_fixdfsi.o)
                0x00407dcc                __aeabi_d2iz
                0x00407dcc                __fixdfsi
 .text          0x00407e1c       0x2c c:/program files (x86)/atmel/atmel toolchain/arm gcc/native/4.8.1429/arm-gnu-toolchain/bin/../lib/gcc/arm-none-eabi/4.8.3/armv7-m\libgcc.a(_aeabi_uldivmod.o)
                0x00407e1c                __aeabi_uldivmod
 .text          0x00407e48       0x60 c:/program files (x86)/atmel/atmel toolchain/arm gcc/native/4.8.1429/arm-gnu-toolchain/bin/../lib/gcc/arm-none-eabi/4.8.3/armv7-m\libgcc.a(bpabi.o)
                0x00407e48                __gnu_ldivmod_helper
                0x00407e78                __gnu_uldivmod_helper
 .text          0x00407ea8        0x4 c:/program files (x86)/atmel/atmel toolchain/arm gcc/native/4.8.1429/arm-gnu-toolchain/bin/../lib/gcc/arm-none-eabi/4.8.3/armv7-m\libgcc.a(_dvmd_tls.o)
                0x00407ea8                __aeabi_idiv0
                0x00407ea8                __aeabi_ldiv0
 .text          0x00407eac      0x2a0 c:/program files (x86)/atmel/atmel toolchain/arm gcc/native/4.8.1429/arm-gnu-toolchain/bin/../lib/gcc/arm-none-eabi/4.8.3/armv7-m\libgcc.a(_divdi3.o)
                0x00407eac                __divdi3
 .text          0x0040814c      0x290 c:/program files (x86)/atmel/atmel toolchain/arm gcc/native/4.8.1429/arm-gnu-toolchain/bin/../lib/gcc/arm-none-eabi/4.8.3/armv7-m\libgcc.a(_udivdi3.o)
                0x0040814c                __udivdi3
 *(.glue_7t)
 .glue_7t       0x00000000        0x0 linker stubs
 *(.glue_7)
 .glue_7        0x00000000        0x0 linker stubs
 *(.rodata .rodata* .gnu.linkonce.r.*)
 .rodata.str1.4
                0x004083dc       0x27 src/IMU.o
                                 0x28 (size before relaxing)
 *fill*         0x00408403        0x1 
 .rodata.p_uc_charset10x14
                0x00408404      0x780 src/ASF/sam/components/display/ili9225/ili9225.o
                0x00408404                p_uc_charset10x14
 .rodata.str1.4
                0x00408b84       0x68 src/main.o
 .rodata        0x00408bec       0x20 c:/program files (x86)/atmel/atmel toolchain/arm gcc/native/4.8.1429/arm-gnu-toolchain/bin/../lib/gcc/arm-none-eabi/4.8.3/../../../../arm-none-eabi/lib/armv7-m\libm.a(lib_a-sf_atan.o)
 .rodata        0x00408c0c        0x4 c:/program files (x86)/atmel/atmel toolchain/arm gcc/native/4.8.1429/arm-gnu-toolchain/bin/../lib/gcc/arm-none-eabi/4.8.3/../../../../arm-none-eabi/lib/armv7-m\libc.a(lib_a-impure.o)
                0x00408c0c                _global_impure_ptr
 .rodata.str1.1
                0x00408c10        0x2 c:/program files (x86)/atmel/atmel toolchain/arm gcc/native/4.8.1429/arm-gnu-toolchain/bin/../lib/gcc/arm-none-eabi/4.8.3/../../../../arm-none-eabi/lib/armv7-m\libc.a(lib_a-impure.o)
 .rodata.str1.1
                0x00408c12        0x2 c:/program files (x86)/atmel/atmel toolchain/arm gcc/native/4.8.1429/arm-gnu-toolchain/bin/../lib/gcc/arm-none-eabi/4.8.3/../../../../arm-none-eabi/lib/armv7-m\libc.a(lib_a-puts.o)
 .rodata        0x00408c14       0x20 c:/program files (x86)/atmel/atmel toolchain/arm gcc/native/4.8.1429/arm-gnu-toolchain/bin/../lib/gcc/arm-none-eabi/4.8.3/../../../../arm-none-eabi/lib/armv7-m\libc.a(lib_a-svfprintf.o)
 .rodata.str1.1
                0x00408c34       0x34 c:/program files (x86)/atmel/atmel toolchain/arm gcc/native/4.8.1429/arm-gnu-toolchain/bin/../lib/gcc/arm-none-eabi/4.8.3/../../../../arm-none-eabi/lib/armv7-m\libc.a(lib_a-svfprintf.o)
 .rodata        0x00408c68       0x20 c:/program files (x86)/atmel/atmel toolchain/arm gcc/native/4.8.1429/arm-gnu-toolchain/bin/../lib/gcc/arm-none-eabi/4.8.3/../../../../arm-none-eabi/lib/armv7-m\libc.a(lib_a-vfiprintf.o)
 .rodata.str1.1
                0x00000000       0x22 c:/program files (x86)/atmel/atmel toolchain/arm gcc/native/4.8.1429/arm-gnu-toolchain/bin/../lib/gcc/arm-none-eabi/4.8.3/../../../../arm-none-eabi/lib/armv7-m\libc.a(lib_a-vfiprintf.o)
 .rodata.str1.1
                0x00408c88        0xd c:/program files (x86)/atmel/atmel toolchain/arm gcc/native/4.8.1429/arm-gnu-toolchain/bin/../lib/gcc/arm-none-eabi/4.8.3/../../../../arm-none-eabi/lib/armv7-m\libc.a(lib_a-dtoa.o)
                                  0xf (size before relaxing)
 .rodata.str1.1
                0x00408c95        0x8 c:/program files (x86)/atmel/atmel toolchain/arm gcc/native/4.8.1429/arm-gnu-toolchain/bin/../lib/gcc/arm-none-eabi/4.8.3/../../../../arm-none-eabi/lib/armv7-m\libc.a(lib_a-locale.o)
                                  0xb (size before relaxing)
 *fill*         0x00408c9d        0x3 
 .rodata        0x00408ca0      0x128 c:/program files (x86)/atmel/atmel toolchain/arm gcc/native/4.8.1429/arm-gnu-toolchain/bin/../lib/gcc/arm-none-eabi/4.8.3/../../../../arm-none-eabi/lib/armv7-m\libc.a(lib_a-mprec.o)
                0x00408cb0                __mprec_tens
                0x00408d78                __mprec_tinytens
                0x00408da0                __mprec_bigtens
 .rodata        0x00408dc8       0x20 c:/program files (x86)/atmel/atmel toolchain/arm gcc/native/4.8.1429/arm-gnu-toolchain/bin/../lib/gcc/arm-none-eabi/4.8.3/../../../../arm-none-eabi/lib/armv7-m\libc.a(lib_a-svfiprintf.o)
 .rodata.str1.1
                0x00000000       0x22 c:/program files (x86)/atmel/atmel toolchain/arm gcc/native/4.8.1429/arm-gnu-toolchain/bin/../lib/gcc/arm-none-eabi/4.8.3/../../../../arm-none-eabi/lib/armv7-m\libc.a(lib_a-svfiprintf.o)
 *(.ARM.extab* .gnu.linkonce.armextab.*)
                0x00408de8                . = ALIGN (0x4)
 *(.init)
 .init          0x00408de8        0x4 c:/program files (x86)/atmel/atmel toolchain/arm gcc/native/4.8.1429/arm-gnu-toolchain/bin/../lib/gcc/arm-none-eabi/4.8.3/armv7-m/crti.o
                0x00408de8                _init
 .init          0x00408dec        0x8 c:/program files (x86)/atmel/atmel toolchain/arm gcc/native/4.8.1429/arm-gnu-toolchain/bin/../lib/gcc/arm-none-eabi/4.8.3/armv7-m/crtn.o
                0x00408df4                . = ALIGN (0x4)
                0x00408df4                __preinit_array_start = .
 *(.preinit_array)
                0x00408df4                __preinit_array_end = .
                0x00408df4                . = ALIGN (0x4)
                0x00408df4                __init_array_start = .
 *(SORT(.init_array.*))
 .init_array.00000
                0x00408df4        0x4 c:/program files (x86)/atmel/atmel toolchain/arm gcc/native/4.8.1429/arm-gnu-toolchain/bin/../lib/gcc/arm-none-eabi/4.8.3/../../../../arm-none-eabi/lib/armv7-m\libc.a(lib_a-__call_atexit.o)
 *(.init_array)
 .init_array    0x00408df8        0x4 c:/program files (x86)/atmel/atmel toolchain/arm gcc/native/4.8.1429/arm-gnu-toolchain/bin/../lib/gcc/arm-none-eabi/4.8.3/armv7-m/crtbegin.o
                0x00408dfc                __init_array_end = .
                0x00408dfc                . = ALIGN (0x4)
 *crtbegin.o(.ctors)
 *(EXCLUDE_FILE(*crtend.o) .ctors)
 *(SORT(.ctors.*))
 *crtend.o(.ctors)
                0x00408dfc                . = ALIGN (0x4)
 *(.fini)
 .fini          0x00408dfc        0x4 c:/program files (x86)/atmel/atmel toolchain/arm gcc/native/4.8.1429/arm-gnu-toolchain/bin/../lib/gcc/arm-none-eabi/4.8.3/armv7-m/crti.o
                0x00408dfc                _fini
 .fini          0x00408e00        0x8 c:/program files (x86)/atmel/atmel toolchain/arm gcc/native/4.8.1429/arm-gnu-toolchain/bin/../lib/gcc/arm-none-eabi/4.8.3/armv7-m/crtn.o
                0x00408e08                . = ALIGN (0x4)
                0x00408e08                __fini_array_start = .
 *(.fini_array)
 .fini_array    0x00408e08        0x4 c:/program files (x86)/atmel/atmel toolchain/arm gcc/native/4.8.1429/arm-gnu-toolchain/bin/../lib/gcc/arm-none-eabi/4.8.3/armv7-m/crtbegin.o
 *(SORT(.fini_array.*))
                0x00408e0c                __fini_array_end = .
 *crtbegin.o(.dtors)
 *(EXCLUDE_FILE(*crtend.o) .dtors)
 *(SORT(.dtors.*))
 *crtend.o(.dtors)
                0x00408e0c                . = ALIGN (0x4)
                0x00408e0c                _efixed = .
                0x00408e0c                PROVIDE (__exidx_start, .)

.vfp11_veneer   0x00408e0c        0x0
 .vfp11_veneer  0x00000000        0x0 linker stubs

.v4_bx          0x00408e0c        0x0
 .v4_bx         0x00000000        0x0 linker stubs

.iplt           0x00408e0c        0x0
 .iplt          0x00000000        0x0 c:/program files (x86)/atmel/atmel toolchain/arm gcc/native/4.8.1429/arm-gnu-toolchain/bin/../lib/gcc/arm-none-eabi/4.8.3/armv7-m/crtbegin.o

.ARM.exidx      0x00408e0c        0x8
 *(.ARM.exidx* .gnu.linkonce.armexidx.*)
 .ARM.exidx     0x00408e0c        0x8 c:/program files (x86)/atmel/atmel toolchain/arm gcc/native/4.8.1429/arm-gnu-toolchain/bin/../lib/gcc/arm-none-eabi/4.8.3/armv7-m\libgcc.a(_divdi3.o)
 .ARM.exidx     0x00408e14        0x0 c:/program files (x86)/atmel/atmel toolchain/arm gcc/native/4.8.1429/arm-gnu-toolchain/bin/../lib/gcc/arm-none-eabi/4.8.3/armv7-m\libgcc.a(_udivdi3.o)
                                  0x8 (size before relaxing)
                0x00408e14                PROVIDE (__exidx_end, .)

.eh_frame       0x00408e14        0x0
 .eh_frame      0x00408e14        0x0 c:/program files (x86)/atmel/atmel toolchain/arm gcc/native/4.8.1429/arm-gnu-toolchain/bin/../lib/gcc/arm-none-eabi/4.8.3/armv7-m/crtbegin.o

.rel.dyn        0x00408e14        0x0
 .rel.iplt      0x00000000        0x0 c:/program files (x86)/atmel/atmel toolchain/arm gcc/native/4.8.1429/arm-gnu-toolchain/bin/../lib/gcc/arm-none-eabi/4.8.3/armv7-m/crtbegin.o

.jcr            0x00408e14        0x0
 .jcr           0x00408e14        0x0 c:/program files (x86)/atmel/atmel toolchain/arm gcc/native/4.8.1429/arm-gnu-toolchain/bin/../lib/gcc/arm-none-eabi/4.8.3/armv7-m/crtbegin.o

.tm_clone_table
                0x00408e14        0x0
 .tm_clone_table
                0x00408e14        0x0 c:/program files (x86)/atmel/atmel toolchain/arm gcc/native/4.8.1429/arm-gnu-toolchain/bin/../lib/gcc/arm-none-eabi/4.8.3/armv7-m/crtbegin.o
 .tm_clone_table
                0x00408e14        0x0 c:/program files (x86)/atmel/atmel toolchain/arm gcc/native/4.8.1429/arm-gnu-toolchain/bin/../lib/gcc/arm-none-eabi/4.8.3/armv7-m/crtend.o

.igot.plt       0x00408e14        0x0
 .igot.plt      0x00000000        0x0 c:/program files (x86)/atmel/atmel toolchain/arm gcc/native/4.8.1429/arm-gnu-toolchain/bin/../lib/gcc/arm-none-eabi/4.8.3/armv7-m/crtbegin.o
                0x00408e14                . = ALIGN (0x4)
                0x00408e14                _etext = .

.relocate       0x20000000      0x9a8 load address 0x00408e14
                0x20000000                . = ALIGN (0x4)
                0x20000000                _srelocate = .
 *(.ramfunc .ramfunc.*)
 .ramfunc       0x20000000       0xe4 src/ASF/sam/utils/cmsis/sam3n/source/templates/system_sam3n.o
                0x20000000                SystemInit
                0x200000a0                system_init_flash
 *(.data .data.*)
 .data.SystemCoreClock
                0x200000e4        0x4 src/ASF/sam/utils/cmsis/sam3n/source/templates/system_sam3n.o
                0x200000e4                SystemCoreClock
 .data          0x200000e8      0x430 c:/program files (x86)/atmel/atmel toolchain/arm gcc/native/4.8.1429/arm-gnu-toolchain/bin/../lib/gcc/arm-none-eabi/4.8.3/../../../../arm-none-eabi/lib/armv7-m\libc.a(lib_a-impure.o)
                0x200000e8                _impure_ptr
 .data          0x20000518       0x7c c:/program files (x86)/atmel/atmel toolchain/arm gcc/native/4.8.1429/arm-gnu-toolchain/bin/../lib/gcc/arm-none-eabi/4.8.3/../../../../arm-none-eabi/lib/armv7-m\libc.a(lib_a-locale.o)
                0x20000538                __mb_cur_max
 .data          0x20000594      0x410 c:/program files (x86)/atmel/atmel toolchain/arm gcc/native/4.8.1429/arm-gnu-toolchain/bin/../lib/gcc/arm-none-eabi/4.8.3/../../../../arm-none-eabi/lib/armv7-m\libc.a(lib_a-mallocr.o)
                0x20000594                __malloc_av_
                0x2000099c                __malloc_sbrk_base
                0x200009a0                __malloc_trim_threshold
 .data          0x200009a4        0x4 c:/program files (x86)/atmel/atmel toolchain/arm gcc/native/4.8.1429/arm-gnu-toolchain/bin/../lib/gcc/arm-none-eabi/4.8.3/../../../../arm-none-eabi/lib/armv7-m\libc.a(lib_a-wctomb_r.o)
                0x200009a4                __wctomb
                0x200009a8                . = ALIGN (0x4)
                0x200009a8                _erelocate = .

.bss            0x200009a8      0x27c load address 0x004097bc
                0x200009a8                . = ALIGN (0x4)
                0x200009a8                _sbss = .
                0x200009a8                _szero = .
 *(.bss .bss.*)
 .bss           0x200009a8       0x1c c:/program files (x86)/atmel/atmel toolchain/arm gcc/native/4.8.1429/arm-gnu-toolchain/bin/../lib/gcc/arm-none-eabi/4.8.3/armv7-m/crtbegin.o
 .bss.buf.7912  0x200009c4        0x8 src/IMU.o
 .bss.buf.7907  0x200009cc        0x8 src/IMU.o
 .bss.g_ul_pixel_cache
                0x200009d4      0x160 src/ASF/sam/components/display/ili9225/ili9225.o
 .bss.g_by_transfend_flag
                0x20000b34        0x1 src/ASF/sam/components/display/ili9225/ili9225.o
 *fill*         0x20000b35        0x3 
 .bss.gs_interrupt_sources
                0x20000b38       0x70 src/ASF/sam/drivers/pio/pio_handler.o
 .bss.heap.5089
                0x20000ba8        0x4 src/ASF/sam/utils/syscalls/gcc/syscalls.o
 .bss.acel_adxl
                0x20000bac        0xc src/main.o
 .bss.g_ul_ms_ticks
                0x20000bb8        0x4 src/main.o
                0x20000bb8                g_ul_ms_ticks
 .bss.cont_ticks
                0x20000bbc        0x4 src/main.o
                0x20000bbc                cont_ticks
 .bss.angleYX   0x20000bc0        0x4 src/main.o
                0x20000bc0                angleYX
 .bss.gyro_itg  0x20000bc4        0xc src/main.o
 .bss           0x20000bd0       0x34 c:/program files (x86)/atmel/atmel toolchain/arm gcc/native/4.8.1429/arm-gnu-toolchain/bin/../lib/gcc/arm-none-eabi/4.8.3/../../../../arm-none-eabi/lib/armv7-m\libc.a(lib_a-mallocr.o)
                0x20000bd0                __malloc_top_pad
                0x20000bd4                __malloc_current_mallinfo
                0x20000bfc                __malloc_max_sbrked_mem
                0x20000c00                __malloc_max_total_mem
 *(COMMON)
 COMMON         0x20000c04        0x4 src/ASF/common/utils/stdio/read.o
                0x20000c04                ptr_get
 COMMON         0x20000c08        0x8 src/ASF/common/utils/stdio/write.o
                0x20000c08                ptr_put
                0x20000c0c                stdio_base
 COMMON         0x20000c10       0x10 src/main.o
                0x20000c10                g_ili9225_display_opt
 COMMON         0x20000c20        0x4 c:/program files (x86)/atmel/atmel toolchain/arm gcc/native/4.8.1429/arm-gnu-toolchain/bin/../lib/gcc/arm-none-eabi/4.8.3/../../../../arm-none-eabi/lib/armv7-m\libc.a(lib_a-reent.o)
                0x20000c20                errno
                0x20000c24                . = ALIGN (0x4)
                0x20000c24                _ebss = .
                0x20000c24                _ezero = .

.stack          0x20000c24      0x804 load address 0x00409a38
                0x20000c28                . = ALIGN (0x8)
 *fill*         0x20000c24        0x4 
                0x20000c28                _sstack = .
                0x20001428                . = (. + __stack_size__)
 *fill*         0x20000c28      0x800 
                0x20001428                . = ALIGN (0x8)
                0x20001428                _estack = .
                0x20001428                . = ALIGN (0x4)
                0x20001428                _end = .
OUTPUT(TWI_MultiReads_AngleXY.elf elf32-littlearm)

.ARM.attributes
                0x00000000       0x29
 .ARM.attributes
                0x00000000       0x1d c:/program files (x86)/atmel/atmel toolchain/arm gcc/native/4.8.1429/arm-gnu-toolchain/bin/../lib/gcc/arm-none-eabi/4.8.3/armv7-m/crti.o
 .ARM.attributes
                0x0000001d       0x2d c:/program files (x86)/atmel/atmel toolchain/arm gcc/native/4.8.1429/arm-gnu-toolchain/bin/../lib/gcc/arm-none-eabi/4.8.3/armv7-m/crtbegin.o
 .ARM.attributes
                0x0000004a       0x33 src/ASF/common/services/spi/sam_spi/spi_master.o
 .ARM.attributes
                0x0000007d       0x33 src/ASF/common/utils/stdio/read.o
 .ARM.attributes
                0x000000b0       0x33 src/ASF/sam/drivers/spi/spi.o
 .ARM.attributes
                0x000000e3       0x33 src/ASF/sam/drivers/twi/twi.o
 .ARM.attributes
                0x00000116       0x33 src/ASF/sam/drivers/usart/usart.o
 .ARM.attributes
                0x00000149       0x33 src/IMU.o
 .ARM.attributes
                0x0000017c       0x33 src/ASF/common/utils/stdio/write.o
 .ARM.attributes
                0x000001af       0x33 src/ASF/sam/components/display/aat31xx/aat31xx.o
 .ARM.attributes
                0x000001e2       0x33 src/ASF/sam/components/display/ili9225/ili9225.o
 .ARM.attributes
                0x00000215       0x33 src/ASF/sam/drivers/uart/uart.o
 .ARM.attributes
                0x00000248       0x33 src/ASF/common/services/clock/sam3n/sysclk.o
 .ARM.attributes
                0x0000027b       0x33 src/ASF/sam/boards/sam3n_ek/init.o
 .ARM.attributes
                0x000002ae       0x33 src/ASF/sam/drivers/pio/pio.o
 .ARM.attributes
                0x000002e1       0x33 src/ASF/sam/drivers/pio/pio_handler.o
 .ARM.attributes
                0x00000314       0x33 src/ASF/sam/drivers/pmc/pmc.o
 .ARM.attributes
                0x00000347       0x33 src/ASF/sam/utils/cmsis/sam3n/source/templates/exceptions.o
 .ARM.attributes
                0x0000037a       0x33 src/ASF/sam/utils/cmsis/sam3n/source/templates/gcc/startup_sam3n.o
 .ARM.attributes
                0x000003ad       0x33 src/ASF/sam/utils/cmsis/sam3n/source/templates/system_sam3n.o
 .ARM.attributes
                0x000003e0       0x33 src/ASF/sam/utils/syscalls/gcc/syscalls.o
 .ARM.attributes
                0x00000413       0x33 src/main.o
 .ARM.attributes
                0x00000446       0x2d c:/program files (x86)/atmel/atmel toolchain/arm gcc/native/4.8.1429/arm-gnu-toolchain/bin/../lib/gcc/arm-none-eabi/4.8.3/../../../../arm-none-eabi/lib/armv7-m\libm.a(lib_a-sf_atan.o)
 .ARM.attributes
                0x00000473       0x2d c:/program files (x86)/atmel/atmel toolchain/arm gcc/native/4.8.1429/arm-gnu-toolchain/bin/../lib/gcc/arm-none-eabi/4.8.3/../../../../arm-none-eabi/lib/armv7-m\libm.a(lib_a-sf_fabs.o)
 .ARM.attributes
                0x000004a0       0x1d c:/program files (x86)/atmel/atmel toolchain/arm gcc/native/4.8.1429/arm-gnu-toolchain/bin/../lib/gcc/arm-none-eabi/4.8.3/armv7-m\libgcc.a(_arm_addsubdf3.o)
 .ARM.attributes
                0x000004bd       0x1d c:/program files (x86)/atmel/atmel toolchain/arm gcc/native/4.8.1429/arm-gnu-toolchain/bin/../lib/gcc/arm-none-eabi/4.8.3/armv7-m\libgcc.a(_arm_muldivdf3.o)
 .ARM.attributes
                0x000004da       0x1d c:/program files (x86)/atmel/atmel toolchain/arm gcc/native/4.8.1429/arm-gnu-toolchain/bin/../lib/gcc/arm-none-eabi/4.8.3/armv7-m\libgcc.a(_arm_truncdfsf2.o)
 .ARM.attributes
                0x000004f7       0x1d c:/program files (x86)/atmel/atmel toolchain/arm gcc/native/4.8.1429/arm-gnu-toolchain/bin/../lib/gcc/arm-none-eabi/4.8.3/armv7-m\libgcc.a(_arm_addsubsf3.o)
 .ARM.attributes
                0x00000514       0x1d c:/program files (x86)/atmel/atmel toolchain/arm gcc/native/4.8.1429/arm-gnu-toolchain/bin/../lib/gcc/arm-none-eabi/4.8.3/armv7-m\libgcc.a(_arm_muldivsf3.o)
 .ARM.attributes
                0x00000531       0x1d c:/program files (x86)/atmel/atmel toolchain/arm gcc/native/4.8.1429/arm-gnu-toolchain/bin/../lib/gcc/arm-none-eabi/4.8.3/armv7-m\libgcc.a(_arm_cmpsf2.o)
 .ARM.attributes
                0x0000054e       0x2d c:/program files (x86)/atmel/atmel toolchain/arm gcc/native/4.8.1429/arm-gnu-toolchain/bin/../lib/gcc/arm-none-eabi/4.8.3/../../../../arm-none-eabi/lib/armv7-m\libc.a(lib_a-impure.o)
 .ARM.attributes
                0x0000057b       0x2d c:/program files (x86)/atmel/atmel toolchain/arm gcc/native/4.8.1429/arm-gnu-toolchain/bin/../lib/gcc/arm-none-eabi/4.8.3/../../../../arm-none-eabi/lib/armv7-m\libc.a(lib_a-init.o)
 .ARM.attributes
                0x000005a8       0x2d c:/program files (x86)/atmel/atmel toolchain/arm gcc/native/4.8.1429/arm-gnu-toolchain/bin/../lib/gcc/arm-none-eabi/4.8.3/../../../../arm-none-eabi/lib/armv7-m\libc.a(lib_a-iprintf.o)
 .ARM.attributes
                0x000005d5       0x2d c:/program files (x86)/atmel/atmel toolchain/arm gcc/native/4.8.1429/arm-gnu-toolchain/bin/../lib/gcc/arm-none-eabi/4.8.3/../../../../arm-none-eabi/lib/armv7-m\libc.a(lib_a-memset.o)
 .ARM.attributes
                0x00000602       0x2d c:/program files (x86)/atmel/atmel toolchain/arm gcc/native/4.8.1429/arm-gnu-toolchain/bin/../lib/gcc/arm-none-eabi/4.8.3/../../../../arm-none-eabi/lib/armv7-m\libc.a(lib_a-puts.o)
 .ARM.attributes
                0x0000062f       0x2d c:/program files (x86)/atmel/atmel toolchain/arm gcc/native/4.8.1429/arm-gnu-toolchain/bin/../lib/gcc/arm-none-eabi/4.8.3/../../../../arm-none-eabi/lib/armv7-m\libc.a(lib_a-setbuf.o)
 .ARM.attributes
                0x0000065c       0x2d c:/program files (x86)/atmel/atmel toolchain/arm gcc/native/4.8.1429/arm-gnu-toolchain/bin/../lib/gcc/arm-none-eabi/4.8.3/../../../../arm-none-eabi/lib/armv7-m\libc.a(lib_a-setvbuf.o)
 .ARM.attributes
                0x00000689       0x2d c:/program files (x86)/atmel/atmel toolchain/arm gcc/native/4.8.1429/arm-gnu-toolchain/bin/../lib/gcc/arm-none-eabi/4.8.3/../../../../arm-none-eabi/lib/armv7-m\libc.a(lib_a-snprintf.o)
 .ARM.attributes
                0x000006b6       0x2d c:/program files (x86)/atmel/atmel toolchain/arm gcc/native/4.8.1429/arm-gnu-toolchain/bin/../lib/gcc/arm-none-eabi/4.8.3/../../../../arm-none-eabi/lib/armv7-m\libc.a(lib_a-strlen.o)
 .ARM.attributes
                0x000006e3       0x2d c:/program files (x86)/atmel/atmel toolchain/arm gcc/native/4.8.1429/arm-gnu-toolchain/bin/../lib/gcc/arm-none-eabi/4.8.3/../../../../arm-none-eabi/lib/armv7-m\libc.a(lib_a-svfprintf.o)
 .ARM.attributes
                0x00000710       0x2d c:/program files (x86)/atmel/atmel toolchain/arm gcc/native/4.8.1429/arm-gnu-toolchain/bin/../lib/gcc/arm-none-eabi/4.8.3/../../../../arm-none-eabi/lib/armv7-m\libc.a(lib_a-vfiprintf.o)
 .ARM.attributes
                0x0000073d       0x2d c:/program files (x86)/atmel/atmel toolchain/arm gcc/native/4.8.1429/arm-gnu-toolchain/bin/../lib/gcc/arm-none-eabi/4.8.3/../../../../arm-none-eabi/lib/armv7-m\libc.a(lib_a-wsetup.o)
 .ARM.attributes
                0x0000076a       0x2d c:/program files (x86)/atmel/atmel toolchain/arm gcc/native/4.8.1429/arm-gnu-toolchain/bin/../lib/gcc/arm-none-eabi/4.8.3/../../../../arm-none-eabi/lib/armv7-m\libc.a(lib_a-__call_atexit.o)
 .ARM.attributes
                0x00000797       0x2d c:/program files (x86)/atmel/atmel toolchain/arm gcc/native/4.8.1429/arm-gnu-toolchain/bin/../lib/gcc/arm-none-eabi/4.8.3/../../../../arm-none-eabi/lib/armv7-m\libc.a(lib_a-atexit.o)
 .ARM.attributes
                0x000007c4       0x2d c:/program files (x86)/atmel/atmel toolchain/arm gcc/native/4.8.1429/arm-gnu-toolchain/bin/../lib/gcc/arm-none-eabi/4.8.3/../../../../arm-none-eabi/lib/armv7-m\libc.a(lib_a-dtoa.o)
 .ARM.attributes
                0x000007f1       0x2d c:/program files (x86)/atmel/atmel toolchain/arm gcc/native/4.8.1429/arm-gnu-toolchain/bin/../lib/gcc/arm-none-eabi/4.8.3/../../../../arm-none-eabi/lib/armv7-m\libc.a(lib_a-fflush.o)
 .ARM.attributes
                0x0000081e       0x2d c:/program files (x86)/atmel/atmel toolchain/arm gcc/native/4.8.1429/arm-gnu-toolchain/bin/../lib/gcc/arm-none-eabi/4.8.3/../../../../arm-none-eabi/lib/armv7-m\libc.a(lib_a-findfp.o)
 .ARM.attributes
                0x0000084b       0x2d c:/program files (x86)/atmel/atmel toolchain/arm gcc/native/4.8.1429/arm-gnu-toolchain/bin/../lib/gcc/arm-none-eabi/4.8.3/../../../../arm-none-eabi/lib/armv7-m\libc.a(lib_a-fini.o)
 .ARM.attributes
                0x00000878       0x2d c:/program files (x86)/atmel/atmel toolchain/arm gcc/native/4.8.1429/arm-gnu-toolchain/bin/../lib/gcc/arm-none-eabi/4.8.3/../../../../arm-none-eabi/lib/armv7-m\libc.a(lib_a-fputwc.o)
 .ARM.attributes
                0x000008a5       0x2d c:/program files (x86)/atmel/atmel toolchain/arm gcc/native/4.8.1429/arm-gnu-toolchain/bin/../lib/gcc/arm-none-eabi/4.8.3/../../../../arm-none-eabi/lib/armv7-m\libc.a(lib_a-freer.o)
 .ARM.attributes
                0x000008d2       0x2d c:/program files (x86)/atmel/atmel toolchain/arm gcc/native/4.8.1429/arm-gnu-toolchain/bin/../lib/gcc/arm-none-eabi/4.8.3/../../../../arm-none-eabi/lib/armv7-m\libc.a(lib_a-fvwrite.o)
 .ARM.attributes
                0x000008ff       0x2d c:/program files (x86)/atmel/atmel toolchain/arm gcc/native/4.8.1429/arm-gnu-toolchain/bin/../lib/gcc/arm-none-eabi/4.8.3/../../../../arm-none-eabi/lib/armv7-m\libc.a(lib_a-fwalk.o)
 .ARM.attributes
                0x0000092c       0x2d c:/program files (x86)/atmel/atmel toolchain/arm gcc/native/4.8.1429/arm-gnu-toolchain/bin/../lib/gcc/arm-none-eabi/4.8.3/../../../../arm-none-eabi/lib/armv7-m\libc.a(lib_a-locale.o)
 .ARM.attributes
                0x00000959       0x2d c:/program files (x86)/atmel/atmel toolchain/arm gcc/native/4.8.1429/arm-gnu-toolchain/bin/../lib/gcc/arm-none-eabi/4.8.3/../../../../arm-none-eabi/lib/armv7-m\libc.a(lib_a-makebuf.o)
 .ARM.attributes
                0x00000986       0x2d c:/program files (x86)/atmel/atmel toolchain/arm gcc/native/4.8.1429/arm-gnu-toolchain/bin/../lib/gcc/arm-none-eabi/4.8.3/../../../../arm-none-eabi/lib/armv7-m\libc.a(lib_a-malloc.o)
 .ARM.attributes
                0x000009b3       0x2d c:/program files (x86)/atmel/atmel toolchain/arm gcc/native/4.8.1429/arm-gnu-toolchain/bin/../lib/gcc/arm-none-eabi/4.8.3/../../../../arm-none-eabi/lib/armv7-m\libc.a(lib_a-mallocr.o)
 .ARM.attributes
                0x000009e0       0x2d c:/program files (x86)/atmel/atmel toolchain/arm gcc/native/4.8.1429/arm-gnu-toolchain/bin/../lib/gcc/arm-none-eabi/4.8.3/../../../../arm-none-eabi/lib/armv7-m\libc.a(lib_a-memchr-stub.o)
 .ARM.attributes
                0x00000a0d       0x2d c:/program files (x86)/atmel/atmel toolchain/arm gcc/native/4.8.1429/arm-gnu-toolchain/bin/../lib/gcc/arm-none-eabi/4.8.3/../../../../arm-none-eabi/lib/armv7-m\libc.a(lib_a-memcpy-stub.o)
 .ARM.attributes
                0x00000a3a       0x2d c:/program files (x86)/atmel/atmel toolchain/arm gcc/native/4.8.1429/arm-gnu-toolchain/bin/../lib/gcc/arm-none-eabi/4.8.3/../../../../arm-none-eabi/lib/armv7-m\libc.a(lib_a-memmove.o)
 .ARM.attributes
                0x00000a67       0x2d c:/program files (x86)/atmel/atmel toolchain/arm gcc/native/4.8.1429/arm-gnu-toolchain/bin/../lib/gcc/arm-none-eabi/4.8.3/../../../../arm-none-eabi/lib/armv7-m\libc.a(lib_a-mlock.o)
 .ARM.attributes
                0x00000a94       0x2d c:/program files (x86)/atmel/atmel toolchain/arm gcc/native/4.8.1429/arm-gnu-toolchain/bin/../lib/gcc/arm-none-eabi/4.8.3/../../../../arm-none-eabi/lib/armv7-m\libc.a(lib_a-mprec.o)
 .ARM.attributes
                0x00000ac1       0x2d c:/program files (x86)/atmel/atmel toolchain/arm gcc/native/4.8.1429/arm-gnu-toolchain/bin/../lib/gcc/arm-none-eabi/4.8.3/../../../../arm-none-eabi/lib/armv7-m\libc.a(lib_a-reallocr.o)
 .ARM.attributes
                0x00000aee       0x2d c:/program files (x86)/atmel/atmel toolchain/arm gcc/native/4.8.1429/arm-gnu-toolchain/bin/../lib/gcc/arm-none-eabi/4.8.3/../../../../arm-none-eabi/lib/armv7-m\libc.a(lib_a-s_fpclassify.o)
 .ARM.attributes
                0x00000b1b       0x2d c:/program files (x86)/atmel/atmel toolchain/arm gcc/native/4.8.1429/arm-gnu-toolchain/bin/../lib/gcc/arm-none-eabi/4.8.3/../../../../arm-none-eabi/lib/armv7-m\libc.a(lib_a-sbrkr.o)
 .ARM.attributes
                0x00000b48       0x2d c:/program files (x86)/atmel/atmel toolchain/arm gcc/native/4.8.1429/arm-gnu-toolchain/bin/../lib/gcc/arm-none-eabi/4.8.3/../../../../arm-none-eabi/lib/armv7-m\libc.a(lib_a-stdio.o)
 .ARM.attributes
                0x00000b75       0x1b c:/program files (x86)/atmel/atmel toolchain/arm gcc/native/4.8.1429/arm-gnu-toolchain/bin/../lib/gcc/arm-none-eabi/4.8.3/../../../../arm-none-eabi/lib/armv7-m\libc.a(lib_a-strcmp.o)
 .ARM.attributes
                0x00000b90       0x2d c:/program files (x86)/atmel/atmel toolchain/arm gcc/native/4.8.1429/arm-gnu-toolchain/bin/../lib/gcc/arm-none-eabi/4.8.3/../../../../arm-none-eabi/lib/armv7-m\libc.a(lib_a-svfiprintf.o)
 .ARM.attributes
                0x00000bbd       0x2d c:/program files (x86)/atmel/atmel toolchain/arm gcc/native/4.8.1429/arm-gnu-toolchain/bin/../lib/gcc/arm-none-eabi/4.8.3/../../../../arm-none-eabi/lib/armv7-m\libc.a(lib_a-wbuf.o)
 .ARM.attributes
                0x00000bea       0x2d c:/program files (x86)/atmel/atmel toolchain/arm gcc/native/4.8.1429/arm-gnu-toolchain/bin/../lib/gcc/arm-none-eabi/4.8.3/../../../../arm-none-eabi/lib/armv7-m\libc.a(lib_a-wcrtomb.o)
 .ARM.attributes
                0x00000c17       0x2d c:/program files (x86)/atmel/atmel toolchain/arm gcc/native/4.8.1429/arm-gnu-toolchain/bin/../lib/gcc/arm-none-eabi/4.8.3/../../../../arm-none-eabi/lib/armv7-m\libc.a(lib_a-wctomb_r.o)
 .ARM.attributes
                0x00000c44       0x2d c:/program files (x86)/atmel/atmel toolchain/arm gcc/native/4.8.1429/arm-gnu-toolchain/bin/../lib/gcc/arm-none-eabi/4.8.3/../../../../arm-none-eabi/lib/armv7-m\libc.a(lib_a-writer.o)
 .ARM.attributes
                0x00000c71       0x2d c:/program files (x86)/atmel/atmel toolchain/arm gcc/native/4.8.1429/arm-gnu-toolchain/bin/../lib/gcc/arm-none-eabi/4.8.3/../../../../arm-none-eabi/lib/armv7-m\libc.a(lib_a-__atexit.o)
 .ARM.attributes
                0x00000c9e       0x2d c:/program files (x86)/atmel/atmel toolchain/arm gcc/native/4.8.1429/arm-gnu-toolchain/bin/../lib/gcc/arm-none-eabi/4.8.3/../../../../arm-none-eabi/lib/armv7-m\libc.a(lib_a-callocr.o)
 .ARM.attributes
                0x00000ccb       0x2d c:/program files (x86)/atmel/atmel toolchain/arm gcc/native/4.8.1429/arm-gnu-toolchain/bin/../lib/gcc/arm-none-eabi/4.8.3/../../../../arm-none-eabi/lib/armv7-m\libc.a(lib_a-closer.o)
 .ARM.attributes
                0x00000cf8       0x2d c:/program files (x86)/atmel/atmel toolchain/arm gcc/native/4.8.1429/arm-gnu-toolchain/bin/../lib/gcc/arm-none-eabi/4.8.3/../../../../arm-none-eabi/lib/armv7-m\libc.a(lib_a-fclose.o)
 .ARM.attributes
                0x00000d25       0x2d c:/program files (x86)/atmel/atmel toolchain/arm gcc/native/4.8.1429/arm-gnu-toolchain/bin/../lib/gcc/arm-none-eabi/4.8.3/../../../../arm-none-eabi/lib/armv7-m\libc.a(lib_a-fstatr.o)
 .ARM.attributes
                0x00000d52       0x2d c:/program files (x86)/atmel/atmel toolchain/arm gcc/native/4.8.1429/arm-gnu-toolchain/bin/../lib/gcc/arm-none-eabi/4.8.3/../../../../arm-none-eabi/lib/armv7-m\libc.a(lib_a-isattyr.o)
 .ARM.attributes
                0x00000d7f       0x2d c:/program files (x86)/atmel/atmel toolchain/arm gcc/native/4.8.1429/arm-gnu-toolchain/bin/../lib/gcc/arm-none-eabi/4.8.3/../../../../arm-none-eabi/lib/armv7-m\libc.a(lib_a-lseekr.o)
 .ARM.attributes
                0x00000dac       0x2d c:/program files (x86)/atmel/atmel toolchain/arm gcc/native/4.8.1429/arm-gnu-toolchain/bin/../lib/gcc/arm-none-eabi/4.8.3/../../../../arm-none-eabi/lib/armv7-m\libc.a(lib_a-readr.o)
 .ARM.attributes
                0x00000dd9       0x2d c:/program files (x86)/atmel/atmel toolchain/arm gcc/native/4.8.1429/arm-gnu-toolchain/bin/../lib/gcc/arm-none-eabi/4.8.3/../../../../arm-none-eabi/lib/armv7-m\libc.a(lib_a-reent.o)
 .ARM.attributes
                0x00000e06       0x1d c:/program files (x86)/atmel/atmel toolchain/arm gcc/native/4.8.1429/arm-gnu-toolchain/bin/../lib/gcc/arm-none-eabi/4.8.3/armv7-m\libgcc.a(_arm_cmpdf2.o)
 .ARM.attributes
                0x00000e23       0x1d c:/program files (x86)/atmel/atmel toolchain/arm gcc/native/4.8.1429/arm-gnu-toolchain/bin/../lib/gcc/arm-none-eabi/4.8.3/armv7-m\libgcc.a(_arm_fixdfsi.o)
 .ARM.attributes
                0x00000e40       0x1d c:/program files (x86)/atmel/atmel toolchain/arm gcc/native/4.8.1429/arm-gnu-toolchain/bin/../lib/gcc/arm-none-eabi/4.8.3/armv7-m\libgcc.a(_aeabi_uldivmod.o)
 .ARM.attributes
                0x00000e5d       0x2d c:/program files (x86)/atmel/atmel toolchain/arm gcc/native/4.8.1429/arm-gnu-toolchain/bin/../lib/gcc/arm-none-eabi/4.8.3/armv7-m\libgcc.a(bpabi.o)
 .ARM.attributes
                0x00000e8a       0x1d c:/program files (x86)/atmel/atmel toolchain/arm gcc/native/4.8.1429/arm-gnu-toolchain/bin/../lib/gcc/arm-none-eabi/4.8.3/armv7-m\libgcc.a(_dvmd_tls.o)
 .ARM.attributes
                0x00000ea7       0x2d c:/program files (x86)/atmel/atmel toolchain/arm gcc/native/4.8.1429/arm-gnu-toolchain/bin/../lib/gcc/arm-none-eabi/4.8.3/armv7-m\libgcc.a(_divdi3.o)
 .ARM.attributes
                0x00000ed4       0x2d c:/program files (x86)/atmel/atmel toolchain/arm gcc/native/4.8.1429/arm-gnu-toolchain/bin/../lib/gcc/arm-none-eabi/4.8.3/armv7-m\libgcc.a(_udivdi3.o)
 .ARM.attributes
                0x00000f01       0x2d c:/program files (x86)/atmel/atmel toolchain/arm gcc/native/4.8.1429/arm-gnu-toolchain/bin/../lib/gcc/arm-none-eabi/4.8.3/armv7-m/crtend.o
 .ARM.attributes
                0x00000f2e       0x1d c:/program files (x86)/atmel/atmel toolchain/arm gcc/native/4.8.1429/arm-gnu-toolchain/bin/../lib/gcc/arm-none-eabi/4.8.3/armv7-m/crtn.o

.comment        0x00000000       0x71
 .comment       0x00000000       0x71 c:/program files (x86)/atmel/atmel toolchain/arm gcc/native/4.8.1429/arm-gnu-toolchain/bin/../lib/gcc/arm-none-eabi/4.8.3/armv7-m/crtbegin.o
                                 0x72 (size before relaxing)
 .comment       0x00000000       0x72 src/ASF/common/services/spi/sam_spi/spi_master.o
 .comment       0x00000000       0x72 src/ASF/common/utils/stdio/read.o
 .comment       0x00000000       0x72 src/ASF/sam/drivers/spi/spi.o
 .comment       0x00000000       0x72 src/ASF/sam/drivers/twi/twi.o
 .comment       0x00000000       0x72 src/ASF/sam/drivers/usart/usart.o
 .comment       0x00000000       0x72 src/IMU.o
 .comment       0x00000000       0x72 src/ASF/common/utils/stdio/write.o
 .comment       0x00000000       0x72 src/ASF/sam/components/display/aat31xx/aat31xx.o
 .comment       0x00000000       0x72 src/ASF/sam/components/display/ili9225/ili9225.o
 .comment       0x00000000       0x72 src/ASF/sam/drivers/uart/uart.o
 .comment       0x00000000       0x72 src/ASF/common/services/clock/sam3n/sysclk.o
 .comment       0x00000000       0x72 src/ASF/sam/boards/sam3n_ek/init.o
 .comment       0x00000000       0x72 src/ASF/sam/drivers/pio/pio.o
 .comment       0x00000000       0x72 src/ASF/sam/drivers/pio/pio_handler.o
 .comment       0x00000000       0x72 src/ASF/sam/drivers/pmc/pmc.o
 .comment       0x00000000       0x72 src/ASF/sam/utils/cmsis/sam3n/source/templates/exceptions.o
 .comment       0x00000000       0x72 src/ASF/sam/utils/cmsis/sam3n/source/templates/gcc/startup_sam3n.o
 .comment       0x00000000       0x72 src/ASF/sam/utils/cmsis/sam3n/source/templates/system_sam3n.o
 .comment       0x00000000       0x72 src/ASF/sam/utils/syscalls/gcc/syscalls.o
 .comment       0x00000000       0x72 src/main.o
 .comment       0x00000000       0x72 c:/program files (x86)/atmel/atmel toolchain/arm gcc/native/4.8.1429/arm-gnu-toolchain/bin/../lib/gcc/arm-none-eabi/4.8.3/../../../../arm-none-eabi/lib/armv7-m\libc.a(lib_a-impure.o)
 .comment       0x00000000       0x72 c:/program files (x86)/atmel/atmel toolchain/arm gcc/native/4.8.1429/arm-gnu-toolchain/bin/../lib/gcc/arm-none-eabi/4.8.3/../../../../arm-none-eabi/lib/armv7-m\libc.a(lib_a-init.o)
 .comment       0x00000000       0x72 c:/program files (x86)/atmel/atmel toolchain/arm gcc/native/4.8.1429/arm-gnu-toolchain/bin/../lib/gcc/arm-none-eabi/4.8.3/../../../../arm-none-eabi/lib/armv7-m\libc.a(lib_a-iprintf.o)
 .comment       0x00000000       0x72 c:/program files (x86)/atmel/atmel toolchain/arm gcc/native/4.8.1429/arm-gnu-toolchain/bin/../lib/gcc/arm-none-eabi/4.8.3/../../../../arm-none-eabi/lib/armv7-m\libc.a(lib_a-memset.o)
 .comment       0x00000000       0x72 c:/program files (x86)/atmel/atmel toolchain/arm gcc/native/4.8.1429/arm-gnu-toolchain/bin/../lib/gcc/arm-none-eabi/4.8.3/../../../../arm-none-eabi/lib/armv7-m\libc.a(lib_a-puts.o)
 .comment       0x00000000       0x72 c:/program files (x86)/atmel/atmel toolchain/arm gcc/native/4.8.1429/arm-gnu-toolchain/bin/../lib/gcc/arm-none-eabi/4.8.3/../../../../arm-none-eabi/lib/armv7-m\libc.a(lib_a-setbuf.o)
 .comment       0x00000000       0x72 c:/program files (x86)/atmel/atmel toolchain/arm gcc/native/4.8.1429/arm-gnu-toolchain/bin/../lib/gcc/arm-none-eabi/4.8.3/../../../../arm-none-eabi/lib/armv7-m\libc.a(lib_a-setvbuf.o)
 .comment       0x00000000       0x72 c:/program files (x86)/atmel/atmel toolchain/arm gcc/native/4.8.1429/arm-gnu-toolchain/bin/../lib/gcc/arm-none-eabi/4.8.3/../../../../arm-none-eabi/lib/armv7-m\libc.a(lib_a-snprintf.o)
 .comment       0x00000000       0x72 c:/program files (x86)/atmel/atmel toolchain/arm gcc/native/4.8.1429/arm-gnu-toolchain/bin/../lib/gcc/arm-none-eabi/4.8.3/../../../../arm-none-eabi/lib/armv7-m\libc.a(lib_a-strlen.o)
 .comment       0x00000000       0x72 c:/program files (x86)/atmel/atmel toolchain/arm gcc/native/4.8.1429/arm-gnu-toolchain/bin/../lib/gcc/arm-none-eabi/4.8.3/../../../../arm-none-eabi/lib/armv7-m\libc.a(lib_a-svfprintf.o)
 .comment       0x00000000       0x72 c:/program files (x86)/atmel/atmel toolchain/arm gcc/native/4.8.1429/arm-gnu-toolchain/bin/../lib/gcc/arm-none-eabi/4.8.3/../../../../arm-none-eabi/lib/armv7-m\libc.a(lib_a-vfiprintf.o)
 .comment       0x00000000       0x72 c:/program files (x86)/atmel/atmel toolchain/arm gcc/native/4.8.1429/arm-gnu-toolchain/bin/../lib/gcc/arm-none-eabi/4.8.3/../../../../arm-none-eabi/lib/armv7-m\libc.a(lib_a-wsetup.o)
 .comment       0x00000000       0x72 c:/program files (x86)/atmel/atmel toolchain/arm gcc/native/4.8.1429/arm-gnu-toolchain/bin/../lib/gcc/arm-none-eabi/4.8.3/../../../../arm-none-eabi/lib/armv7-m\libc.a(lib_a-__call_atexit.o)
 .comment       0x00000000       0x72 c:/program files (x86)/atmel/atmel toolchain/arm gcc/native/4.8.1429/arm-gnu-toolchain/bin/../lib/gcc/arm-none-eabi/4.8.3/../../../../arm-none-eabi/lib/armv7-m\libc.a(lib_a-atexit.o)
 .comment       0x00000000       0x72 c:/program files (x86)/atmel/atmel toolchain/arm gcc/native/4.8.1429/arm-gnu-toolchain/bin/../lib/gcc/arm-none-eabi/4.8.3/../../../../arm-none-eabi/lib/armv7-m\libc.a(lib_a-dtoa.o)
 .comment       0x00000000       0x72 c:/program files (x86)/atmel/atmel toolchain/arm gcc/native/4.8.1429/arm-gnu-toolchain/bin/../lib/gcc/arm-none-eabi/4.8.3/../../../../arm-none-eabi/lib/armv7-m\libc.a(lib_a-fflush.o)
 .comment       0x00000000       0x72 c:/program files (x86)/atmel/atmel toolchain/arm gcc/native/4.8.1429/arm-gnu-toolchain/bin/../lib/gcc/arm-none-eabi/4.8.3/../../../../arm-none-eabi/lib/armv7-m\libc.a(lib_a-findfp.o)
 .comment       0x00000000       0x72 c:/program files (x86)/atmel/atmel toolchain/arm gcc/native/4.8.1429/arm-gnu-toolchain/bin/../lib/gcc/arm-none-eabi/4.8.3/../../../../arm-none-eabi/lib/armv7-m\libc.a(lib_a-fini.o)
 .comment       0x00000000       0x72 c:/program files (x86)/atmel/atmel toolchain/arm gcc/native/4.8.1429/arm-gnu-toolchain/bin/../lib/gcc/arm-none-eabi/4.8.3/../../../../arm-none-eabi/lib/armv7-m\libc.a(lib_a-fputwc.o)
 .comment       0x00000000       0x72 c:/program files (x86)/atmel/atmel toolchain/arm gcc/native/4.8.1429/arm-gnu-toolchain/bin/../lib/gcc/arm-none-eabi/4.8.3/../../../../arm-none-eabi/lib/armv7-m\libc.a(lib_a-freer.o)
 .comment       0x00000000       0x72 c:/program files (x86)/atmel/atmel toolchain/arm gcc/native/4.8.1429/arm-gnu-toolchain/bin/../lib/gcc/arm-none-eabi/4.8.3/../../../../arm-none-eabi/lib/armv7-m\libc.a(lib_a-fvwrite.o)
 .comment       0x00000000       0x72 c:/program files (x86)/atmel/atmel toolchain/arm gcc/native/4.8.1429/arm-gnu-toolchain/bin/../lib/gcc/arm-none-eabi/4.8.3/../../../../arm-none-eabi/lib/armv7-m\libc.a(lib_a-fwalk.o)
 .comment       0x00000000       0x72 c:/program files (x86)/atmel/atmel toolchain/arm gcc/native/4.8.1429/arm-gnu-toolchain/bin/../lib/gcc/arm-none-eabi/4.8.3/../../../../arm-none-eabi/lib/armv7-m\libc.a(lib_a-locale.o)
 .comment       0x00000000       0x72 c:/program files (x86)/atmel/atmel toolchain/arm gcc/native/4.8.1429/arm-gnu-toolchain/bin/../lib/gcc/arm-none-eabi/4.8.3/../../../../arm-none-eabi/lib/armv7-m\libc.a(lib_a-makebuf.o)
 .comment       0x00000000       0x72 c:/program files (x86)/atmel/atmel toolchain/arm gcc/native/4.8.1429/arm-gnu-toolchain/bin/../lib/gcc/arm-none-eabi/4.8.3/../../../../arm-none-eabi/lib/armv7-m\libc.a(lib_a-malloc.o)
 .comment       0x00000000       0x72 c:/program files (x86)/atmel/atmel toolchain/arm gcc/native/4.8.1429/arm-gnu-toolchain/bin/../lib/gcc/arm-none-eabi/4.8.3/../../../../arm-none-eabi/lib/armv7-m\libc.a(lib_a-mallocr.o)
 .comment       0x00000000       0x72 c:/program files (x86)/atmel/atmel toolchain/arm gcc/native/4.8.1429/arm-gnu-toolchain/bin/../lib/gcc/arm-none-eabi/4.8.3/../../../../arm-none-eabi/lib/armv7-m\libc.a(lib_a-memchr-stub.o)
 .comment       0x00000000       0x72 c:/program files (x86)/atmel/atmel toolchain/arm gcc/native/4.8.1429/arm-gnu-toolchain/bin/../lib/gcc/arm-none-eabi/4.8.3/../../../../arm-none-eabi/lib/armv7-m\libc.a(lib_a-memcpy-stub.o)
 .comment       0x00000000       0x72 c:/program files (x86)/atmel/atmel toolchain/arm gcc/native/4.8.1429/arm-gnu-toolchain/bin/../lib/gcc/arm-none-eabi/4.8.3/../../../../arm-none-eabi/lib/armv7-m\libc.a(lib_a-memmove.o)
 .comment       0x00000000       0x72 c:/program files (x86)/atmel/atmel toolchain/arm gcc/native/4.8.1429/arm-gnu-toolchain/bin/../lib/gcc/arm-none-eabi/4.8.3/../../../../arm-none-eabi/lib/armv7-m\libc.a(lib_a-mlock.o)
 .comment       0x00000000       0x72 c:/program files (x86)/atmel/atmel toolchain/arm gcc/native/4.8.1429/arm-gnu-toolchain/bin/../lib/gcc/arm-none-eabi/4.8.3/../../../../arm-none-eabi/lib/armv7-m\libc.a(lib_a-mprec.o)
 .comment       0x00000000       0x72 c:/program files (x86)/atmel/atmel toolchain/arm gcc/native/4.8.1429/arm-gnu-toolchain/bin/../lib/gcc/arm-none-eabi/4.8.3/../../../../arm-none-eabi/lib/armv7-m\libc.a(lib_a-reallocr.o)
 .comment       0x00000000       0x72 c:/program files (x86)/atmel/atmel toolchain/arm gcc/native/4.8.1429/arm-gnu-toolchain/bin/../lib/gcc/arm-none-eabi/4.8.3/../../../../arm-none-eabi/lib/armv7-m\libc.a(lib_a-s_fpclassify.o)
 .comment       0x00000000       0x72 c:/program files (x86)/atmel/atmel toolchain/arm gcc/native/4.8.1429/arm-gnu-toolchain/bin/../lib/gcc/arm-none-eabi/4.8.3/../../../../arm-none-eabi/lib/armv7-m\libc.a(lib_a-sbrkr.o)
 .comment       0x00000000       0x72 c:/program files (x86)/atmel/atmel toolchain/arm gcc/native/4.8.1429/arm-gnu-toolchain/bin/../lib/gcc/arm-none-eabi/4.8.3/../../../../arm-none-eabi/lib/armv7-m\libc.a(lib_a-stdio.o)
 .comment       0x00000000       0x72 c:/program files (x86)/atmel/atmel toolchain/arm gcc/native/4.8.1429/arm-gnu-toolchain/bin/../lib/gcc/arm-none-eabi/4.8.3/../../../../arm-none-eabi/lib/armv7-m\libc.a(lib_a-svfiprintf.o)
 .comment       0x00000000       0x72 c:/program files (x86)/atmel/atmel toolchain/arm gcc/native/4.8.1429/arm-gnu-toolchain/bin/../lib/gcc/arm-none-eabi/4.8.3/../../../../arm-none-eabi/lib/armv7-m\libc.a(lib_a-wbuf.o)
 .comment       0x00000000       0x72 c:/program files (x86)/atmel/atmel toolchain/arm gcc/native/4.8.1429/arm-gnu-toolchain/bin/../lib/gcc/arm-none-eabi/4.8.3/../../../../arm-none-eabi/lib/armv7-m\libc.a(lib_a-wcrtomb.o)
 .comment       0x00000000       0x72 c:/program files (x86)/atmel/atmel toolchain/arm gcc/native/4.8.1429/arm-gnu-toolchain/bin/../lib/gcc/arm-none-eabi/4.8.3/../../../../arm-none-eabi/lib/armv7-m\libc.a(lib_a-wctomb_r.o)
 .comment       0x00000000       0x72 c:/program files (x86)/atmel/atmel toolchain/arm gcc/native/4.8.1429/arm-gnu-toolchain/bin/../lib/gcc/arm-none-eabi/4.8.3/../../../../arm-none-eabi/lib/armv7-m\libc.a(lib_a-writer.o)
 .comment       0x00000000       0x72 c:/program files (x86)/atmel/atmel toolchain/arm gcc/native/4.8.1429/arm-gnu-toolchain/bin/../lib/gcc/arm-none-eabi/4.8.3/../../../../arm-none-eabi/lib/armv7-m\libc.a(lib_a-__atexit.o)
 .comment       0x00000000       0x72 c:/program files (x86)/atmel/atmel toolchain/arm gcc/native/4.8.1429/arm-gnu-toolchain/bin/../lib/gcc/arm-none-eabi/4.8.3/../../../../arm-none-eabi/lib/armv7-m\libc.a(lib_a-callocr.o)
 .comment       0x00000000       0x72 c:/program files (x86)/atmel/atmel toolchain/arm gcc/native/4.8.1429/arm-gnu-toolchain/bin/../lib/gcc/arm-none-eabi/4.8.3/../../../../arm-none-eabi/lib/armv7-m\libc.a(lib_a-closer.o)
 .comment       0x00000000       0x72 c:/program files (x86)/atmel/atmel toolchain/arm gcc/native/4.8.1429/arm-gnu-toolchain/bin/../lib/gcc/arm-none-eabi/4.8.3/../../../../arm-none-eabi/lib/armv7-m\libc.a(lib_a-fclose.o)
 .comment       0x00000000       0x72 c:/program files (x86)/atmel/atmel toolchain/arm gcc/native/4.8.1429/arm-gnu-toolchain/bin/../lib/gcc/arm-none-eabi/4.8.3/../../../../arm-none-eabi/lib/armv7-m\libc.a(lib_a-fstatr.o)
 .comment       0x00000000       0x72 c:/program files (x86)/atmel/atmel toolchain/arm gcc/native/4.8.1429/arm-gnu-toolchain/bin/../lib/gcc/arm-none-eabi/4.8.3/../../../../arm-none-eabi/lib/armv7-m\libc.a(lib_a-isattyr.o)
 .comment       0x00000000       0x72 c:/program files (x86)/atmel/atmel toolchain/arm gcc/native/4.8.1429/arm-gnu-toolchain/bin/../lib/gcc/arm-none-eabi/4.8.3/../../../../arm-none-eabi/lib/armv7-m\libc.a(lib_a-lseekr.o)
 .comment       0x00000000       0x72 c:/program files (x86)/atmel/atmel toolchain/arm gcc/native/4.8.1429/arm-gnu-toolchain/bin/../lib/gcc/arm-none-eabi/4.8.3/../../../../arm-none-eabi/lib/armv7-m\libc.a(lib_a-readr.o)
 .comment       0x00000000       0x72 c:/program files (x86)/atmel/atmel toolchain/arm gcc/native/4.8.1429/arm-gnu-toolchain/bin/../lib/gcc/arm-none-eabi/4.8.3/../../../../arm-none-eabi/lib/armv7-m\libc.a(lib_a-reent.o)
 .comment       0x00000000       0x72 c:/program files (x86)/atmel/atmel toolchain/arm gcc/native/4.8.1429/arm-gnu-toolchain/bin/../lib/gcc/arm-none-eabi/4.8.3/armv7-m/crtend.o

.debug_info     0x00000000    0x2dacc
 .debug_info    0x00000000      0xb62 src/ASF/common/services/spi/sam_spi/spi_master.o
 .debug_info    0x00000b62      0x1a5 src/ASF/common/utils/stdio/read.o
 .debug_info    0x00000d07      0x873 src/ASF/sam/drivers/spi/spi.o
 .debug_info    0x0000157a      0xb31 src/ASF/sam/drivers/twi/twi.o
 .debug_info    0x000020ab     0x14a5 src/ASF/sam/drivers/usart/usart.o
 .debug_info    0x00003550     0x1505 src/IMU.o
 .debug_info    0x00004a55      0x1aa src/ASF/common/utils/stdio/write.o
 .debug_info    0x00004bff      0x7ac src/ASF/sam/components/display/aat31xx/aat31xx.o
 .debug_info    0x000053ab     0x205c src/ASF/sam/components/display/ili9225/ili9225.o
 .debug_info    0x00007407      0x85d src/ASF/sam/drivers/uart/uart.o
 .debug_info    0x00007c64      0x6b9 src/ASF/common/services/clock/sam3n/sysclk.o
 .debug_info    0x0000831d      0x8f4 src/ASF/sam/boards/sam3n_ek/init.o
 .debug_info    0x00008c11     0x15da src/ASF/sam/drivers/pio/pio.o
 .debug_info    0x0000a1eb      0xe0d src/ASF/sam/drivers/pio/pio_handler.o
 .debug_info    0x0000aff8      0xea6 src/ASF/sam/drivers/pmc/pmc.o
 .debug_info    0x0000be9e      0x10e src/ASF/sam/utils/cmsis/sam3n/source/templates/exceptions.o
 .debug_info    0x0000bfac      0x39c src/ASF/sam/utils/cmsis/sam3n/source/templates/gcc/startup_sam3n.o
 .debug_info    0x0000c348      0x44e src/ASF/sam/utils/cmsis/sam3n/source/templates/system_sam3n.o
 .debug_info    0x0000c796      0x43f src/ASF/sam/utils/syscalls/gcc/syscalls.o
 .debug_info    0x0000cbd5     0x1a49 src/main.o
 .debug_info    0x0000e61e      0x96c c:/program files (x86)/atmel/atmel toolchain/arm gcc/native/4.8.1429/arm-gnu-toolchain/bin/../lib/gcc/arm-none-eabi/4.8.3/../../../../arm-none-eabi/lib/armv7-m\libc.a(lib_a-impure.o)
 .debug_info    0x0000ef8a      0x112 c:/program files (x86)/atmel/atmel toolchain/arm gcc/native/4.8.1429/arm-gnu-toolchain/bin/../lib/gcc/arm-none-eabi/4.8.3/../../../../arm-none-eabi/lib/armv7-m\libc.a(lib_a-init.o)
 .debug_info    0x0000f09c      0xa97 c:/program files (x86)/atmel/atmel toolchain/arm gcc/native/4.8.1429/arm-gnu-toolchain/bin/../lib/gcc/arm-none-eabi/4.8.3/../../../../arm-none-eabi/lib/armv7-m\libc.a(lib_a-iprintf.o)
 .debug_info    0x0000fb33       0xd3 c:/program files (x86)/atmel/atmel toolchain/arm gcc/native/4.8.1429/arm-gnu-toolchain/bin/../lib/gcc/arm-none-eabi/4.8.3/../../../../arm-none-eabi/lib/armv7-m\libc.a(lib_a-memset.o)
 .debug_info    0x0000fc06      0xb0c c:/program files (x86)/atmel/atmel toolchain/arm gcc/native/4.8.1429/arm-gnu-toolchain/bin/../lib/gcc/arm-none-eabi/4.8.3/../../../../arm-none-eabi/lib/armv7-m\libc.a(lib_a-puts.o)
 .debug_info    0x00010712      0x9e2 c:/program files (x86)/atmel/atmel toolchain/arm gcc/native/4.8.1429/arm-gnu-toolchain/bin/../lib/gcc/arm-none-eabi/4.8.3/../../../../arm-none-eabi/lib/armv7-m\libc.a(lib_a-setbuf.o)
 .debug_info    0x000110f4      0xac8 c:/program files (x86)/atmel/atmel toolchain/arm gcc/native/4.8.1429/arm-gnu-toolchain/bin/../lib/gcc/arm-none-eabi/4.8.3/../../../../arm-none-eabi/lib/armv7-m\libc.a(lib_a-setvbuf.o)
 .debug_info    0x00011bbc      0xb0b c:/program files (x86)/atmel/atmel toolchain/arm gcc/native/4.8.1429/arm-gnu-toolchain/bin/../lib/gcc/arm-none-eabi/4.8.3/../../../../arm-none-eabi/lib/armv7-m\libc.a(lib_a-snprintf.o)
 .debug_info    0x000126c7       0xcd c:/program files (x86)/atmel/atmel toolchain/arm gcc/native/4.8.1429/arm-gnu-toolchain/bin/../lib/gcc/arm-none-eabi/4.8.3/../../../../arm-none-eabi/lib/armv7-m\libc.a(lib_a-strlen.o)
 .debug_info    0x00012794     0x1753 c:/program files (x86)/atmel/atmel toolchain/arm gcc/native/4.8.1429/arm-gnu-toolchain/bin/../lib/gcc/arm-none-eabi/4.8.3/../../../../arm-none-eabi/lib/armv7-m\libc.a(lib_a-svfprintf.o)
 .debug_info    0x00013ee7     0x12c4 c:/program files (x86)/atmel/atmel toolchain/arm gcc/native/4.8.1429/arm-gnu-toolchain/bin/../lib/gcc/arm-none-eabi/4.8.3/../../../../arm-none-eabi/lib/armv7-m\libc.a(lib_a-vfiprintf.o)
 .debug_info    0x000151ab      0xa25 c:/program files (x86)/atmel/atmel toolchain/arm gcc/native/4.8.1429/arm-gnu-toolchain/bin/../lib/gcc/arm-none-eabi/4.8.3/../../../../arm-none-eabi/lib/armv7-m\libc.a(lib_a-wsetup.o)
 .debug_info    0x00015bd0      0xa9d c:/program files (x86)/atmel/atmel toolchain/arm gcc/native/4.8.1429/arm-gnu-toolchain/bin/../lib/gcc/arm-none-eabi/4.8.3/../../../../arm-none-eabi/lib/armv7-m\libc.a(lib_a-__call_atexit.o)
 .debug_info    0x0001666d      0x10f c:/program files (x86)/atmel/atmel toolchain/arm gcc/native/4.8.1429/arm-gnu-toolchain/bin/../lib/gcc/arm-none-eabi/4.8.3/../../../../arm-none-eabi/lib/armv7-m\libc.a(lib_a-atexit.o)
 .debug_info    0x0001677c     0x13c0 c:/program files (x86)/atmel/atmel toolchain/arm gcc/native/4.8.1429/arm-gnu-toolchain/bin/../lib/gcc/arm-none-eabi/4.8.3/../../../../arm-none-eabi/lib/armv7-m\libc.a(lib_a-dtoa.o)
 .debug_info    0x00017b3c      0xbbe c:/program files (x86)/atmel/atmel toolchain/arm gcc/native/4.8.1429/arm-gnu-toolchain/bin/../lib/gcc/arm-none-eabi/4.8.3/../../../../arm-none-eabi/lib/armv7-m\libc.a(lib_a-fflush.o)
 .debug_info    0x000186fa      0xe36 c:/program files (x86)/atmel/atmel toolchain/arm gcc/native/4.8.1429/arm-gnu-toolchain/bin/../lib/gcc/arm-none-eabi/4.8.3/../../../../arm-none-eabi/lib/armv7-m\libc.a(lib_a-findfp.o)
 .debug_info    0x00019530       0xf9 c:/program files (x86)/atmel/atmel toolchain/arm gcc/native/4.8.1429/arm-gnu-toolchain/bin/../lib/gcc/arm-none-eabi/4.8.3/../../../../arm-none-eabi/lib/armv7-m\libc.a(lib_a-fini.o)
 .debug_info    0x00019629      0xbbb c:/program files (x86)/atmel/atmel toolchain/arm gcc/native/4.8.1429/arm-gnu-toolchain/bin/../lib/gcc/arm-none-eabi/4.8.3/../../../../arm-none-eabi/lib/armv7-m\libc.a(lib_a-fputwc.o)
 .debug_info    0x0001a1e4      0xd1b c:/program files (x86)/atmel/atmel toolchain/arm gcc/native/4.8.1429/arm-gnu-toolchain/bin/../lib/gcc/arm-none-eabi/4.8.3/../../../../arm-none-eabi/lib/armv7-m\libc.a(lib_a-freer.o)
 .debug_info    0x0001aeff      0xd81 c:/program files (x86)/atmel/atmel toolchain/arm gcc/native/4.8.1429/arm-gnu-toolchain/bin/../lib/gcc/arm-none-eabi/4.8.3/../../../../arm-none-eabi/lib/armv7-m\libc.a(lib_a-fvwrite.o)
 .debug_info    0x0001bc80      0xa80 c:/program files (x86)/atmel/atmel toolchain/arm gcc/native/4.8.1429/arm-gnu-toolchain/bin/../lib/gcc/arm-none-eabi/4.8.3/../../../../arm-none-eabi/lib/armv7-m\libc.a(lib_a-fwalk.o)
 .debug_info    0x0001c700      0xd1a c:/program files (x86)/atmel/atmel toolchain/arm gcc/native/4.8.1429/arm-gnu-toolchain/bin/../lib/gcc/arm-none-eabi/4.8.3/../../../../arm-none-eabi/lib/armv7-m\libc.a(lib_a-locale.o)
 .debug_info    0x0001d41a      0xbea c:/program files (x86)/atmel/atmel toolchain/arm gcc/native/4.8.1429/arm-gnu-toolchain/bin/../lib/gcc/arm-none-eabi/4.8.3/../../../../arm-none-eabi/lib/armv7-m\libc.a(lib_a-makebuf.o)
 .debug_info    0x0001e004      0x9fd c:/program files (x86)/atmel/atmel toolchain/arm gcc/native/4.8.1429/arm-gnu-toolchain/bin/../lib/gcc/arm-none-eabi/4.8.3/../../../../arm-none-eabi/lib/armv7-m\libc.a(lib_a-malloc.o)
 .debug_info    0x0001ea01      0xe30 c:/program files (x86)/atmel/atmel toolchain/arm gcc/native/4.8.1429/arm-gnu-toolchain/bin/../lib/gcc/arm-none-eabi/4.8.3/../../../../arm-none-eabi/lib/armv7-m\libc.a(lib_a-mallocr.o)
 .debug_info    0x0001f831       0xf9 c:/program files (x86)/atmel/atmel toolchain/arm gcc/native/4.8.1429/arm-gnu-toolchain/bin/../lib/gcc/arm-none-eabi/4.8.3/../../../../arm-none-eabi/lib/armv7-m\libc.a(lib_a-memchr-stub.o)
 .debug_info    0x0001f92a      0x103 c:/program files (x86)/atmel/atmel toolchain/arm gcc/native/4.8.1429/arm-gnu-toolchain/bin/../lib/gcc/arm-none-eabi/4.8.3/../../../../arm-none-eabi/lib/armv7-m\libc.a(lib_a-memcpy-stub.o)
 .debug_info    0x0001fa2d      0x103 c:/program files (x86)/atmel/atmel toolchain/arm gcc/native/4.8.1429/arm-gnu-toolchain/bin/../lib/gcc/arm-none-eabi/4.8.3/../../../../arm-none-eabi/lib/armv7-m\libc.a(lib_a-memmove.o)
 .debug_info    0x0001fb30      0x990 c:/program files (x86)/atmel/atmel toolchain/arm gcc/native/4.8.1429/arm-gnu-toolchain/bin/../lib/gcc/arm-none-eabi/4.8.3/../../../../arm-none-eabi/lib/armv7-m\libc.a(lib_a-mlock.o)